$ docker build -t decipher-phaseloop-test .
[+] Building 3.2s (7/7) FINISHED
 => [internal] load build definition from Dockerfile
 => [internal] load .dockerignore
 => [internal] load metadata for docker.io/library/node:18-alpine
 => [1/3] FROM docker.io/library/node:18-alpine
 => [2/3] WORKDIR /app
 => [3/3] RUN printf 'const http = require("http");\n...' > server.js
 => exporting to image
Successfully built 8a1c3f2e9b4d
Successfully tagged decipher-phaseloop-test:latest

$ docker run -d --name phaseloop-container decipher-phaseloop-test
d3f9a8c4e1b2f0e5a6c7d8e9f0a1b2c3d4e5f6a7b8c9d0e1f2a3b4c5d6e7f8

$ docker inspect --format='{{.State.Health.Status}}' phaseloop-container
# (polling every 5s)
starting
starting
starting
unhealthy

$ docker logs phaseloop-container
Server listening on port 3000

$ docker inspect phaseloop-container | jq '.[0].State.Health.Log[-1]'
{
  "Start": "2026-04-18T12:00:15Z",
  "End": "2026-04-18T12:00:18Z",
  "ExitCode": 1,
  "Output": "wget: can't connect to remote host (127.0.0.1): Connection refused\n"
}

Root cause: HEALTHCHECK probes http://localhost:8080/ but server listens on port 3000.
Fix: change HEALTHCHECK CMD port from 8080 to 3000.
