##[group] Run unit tests
Run pytest
0001 | ObroUQ4fAbnFbmOInLYaYRvj8vfg1MYTH9xI0M2K
0002 | ScosfogrOwxnq7OMkTkx OJR1Woctqn73tPy5Cqp
0003 | JqK4zn GfcgNXAey H92aTQHqOhBC83qFl52sOMj
0004 | WHXHaub630td37fEeVWiDIq2AnHTmt OBGhovLon
0005 | eNo52eoQni6JDXYlgBADTQ gzv2plCArp6B2Id 0
0006 | 961kEnzdx qXCA8 JTjs9KIVdKF1j8flLQoh4pLN
0007 | AKG6mTpyQstVeC  enq633xj0SM PaZsP7ihgIrM
0008 | TmNqE51fAraWOqUIAae34I0Kjit4Y24npgX3zNj6
0009 | 29Z3bUu6Y2ZqXg22oZCtYobmu28rOz9H7h9l8qgB
0010 | TtMGyKqSa6HTUQwePut1TstzzsiA7Q4MsIasBKPD
0011 | BnD4YkfGNvZVQombpD1eANmRFpPaVWgAl8Gdp1CY
0012 | Q L74MTF0I4UDqpOWGNresruIioRSezIAnA5KR1W
0013 | xawV18AVIMnnBbvQzkDiNbyJbOiDdxnuVxV0pfbH
0014 | wOXPV7mbjhQJnSWkMVhZ8gbtQ8yTeRNgW1Lh9Xv
0015 | AxFv1Zg8O0SBU8rYHEBUq10f3pDMxb1lnYv3Sra7
0016 | fTEVROEXfnRtKDHAUuSrphmhHWlnET9HrgmolaHr
0017 | 9IRh2E2KDBld7EZzeNdjJt hWMXoGCB2 tNMU7nn
0018 | PjkeaCLsoSSCR6XNP6AIO50ektVJshRS7FFfcBup
0019 | f80K7 QqcVDP5lKNEfvuQ2uRs7ZICtu9zG PIAlw
0020 | VNVmI6BRh9MpjIIf 5Dh0FTGr09pIy6G32rXA6FZ
0021 | rsK EjHvIICulRKoWcUSZyPZ9FcFL23BHCTzPjD9
0022 | vRO112xtTV2ceN6 VBgN2BR4cYsxjHJXke2Np5jD
0023 | qqaY4QjBvLOAp1myEoKK s9PrJRUdMF4sYMwONQT
0024 | P0N4OtBKUfsVliH9H50qZEYVvh8i82T98YxXaHCQ
0025 | QKZ7gob3J5ndZ5tzi7tFg3iCQU7AUjAgEz7cxB71
0026 | gRI9wzlh1CPOLbXphJeWnn2uj4a2jipkPbaXoukd
0027 | UHUEXGgF7cX2GC8dEzRE5efMerNIu HCMgS1PWTn
0028 | CovCAfAPxj6e0fgUZJKJuhwPV2T9LwKnPog1xWKY
0029 | 19ZMOb60qlStva2JziNbVnAvxTWJfdjMQrPEBrVh
0030 | BrQEQcyLasniquaVlxSF0Ye2cb62KKSAhbuYM05f
0031 | 1pLHytvukGhG5wTZZojmLVPlWFVVC6JON2NjeBtr
0032 | dFtCd0e21MFDIX4CZPuDjdg4vTFkpBBGkxrzvLXO
0033 | efQrTP53vKiw8SyL7txXZQ0URHOAwwln7Eoie1gW
0034 | 03cvWixk0WYkBzQoBrVCHtYD0x7 DryH8ZYipO3I
0035 | g11rWr5jB7nCwbdFo xb60OXis0RiSCaeq0ITHhs
0036 | sdAYCg5LbGpjBMpAPf9eHF IyDO9pbXvUNWUucIZ
0037 | lXDRNZdWCscmc6G IpVmwX2uhx4U4y9FF6GYTeLZ
0038 | IufPtLARwc2w r97eOwYQ8iMXceXxyJMQ7xWKHzO
0039 | phUFyJqqC r5Eh1C4CfQ1uveI41S6OYGhmiXbIxY
0040 | IMft THWZe9OCQv3XOl8B5dhjkuSv741pOIhtHFk
0041 | 7jPTM1JZbcOKPWAOFNs8EYRsedBEmMtTU29ixJuD
0042 | qpgsyMp2kuKtWFGFtb7F8nwdF3PDH1B3TWxzJmIe
0043 | FWr Qh9yYv7VmGFciuDCMGuMk Usv0HSsZxQ9KYT
0044 | RbD8XWKTKkNN0jQb7gbtjRzW52UdinuPHtk5vwWT
0045 | ORMmpJo9ssnStv6YrhQx9Z8YssSvBqEmH6RiMKpQ
0046 | HOdATgWaI6z63Em8uO5fKHT75l3l5 zF7863aJg9
0047 | r IF71DmhkCqlUXJVl140GfQliupqoV8tTaPRdht
0048 | zF4Sth5sMnijVMAIDHPnpV3fCSeJdIFKjuGhmKfG
0049 | YCGCdDYTyZUKcve 6e6bzWW9OA y25xRPHPvlHHT
0050 | oabsQIHZpvr7ThYAW3amgcLSdUzon2dFsZUuLQut
0051 | jPnsd735NAF97QXuAjxVD1sSY5J8JipmO61fTmqQ
0052 | L3lVTJE2u8a78h EpMm5IWxHwqGFg9D05xAJnjq6
0053 | KAjux0FPRqZ8OEkYkTE5IOdc17QWz1oSaFxMQMEE
0054 | aIaHr9bZQY5ggjmHZqzxzJ oR1P2VfxIdakFBXJ2
0055 | gHcn23Dce64Jc6t8KVSzekp0y4uVi TF9dB0vW8y
0056 | Wbr Ew7BQPfMYSfjSNUtgatwqilCIzbwfLuysyf4
0057 | 59KkxisFdBAEeppNLmgt7uNYuvZ29iu7mt89sREK
0058 | pxZyhJLIQI8DSBsRZYzFNpPTXe EzF5RIXw4HOfW
0059 | PwOc9QzV8BaqGGKKCyWLFvbgA8h7itCnEDBRusZh
0060 | 1OQk9pkkJ8ozlOBbMmLySmVYdg2luCq2HOLMKv1M
0061 | ZSsMfihtlRGAiylORO IEitCdwaiZ8FFRA0EfbVs
0062 | rHkCUWIhhWZxZcTI g0Vs CvZB WoZLwSNkinndw
0063 | rHuSsq2 Qf8X5 2h2pS0VQEKqACN3fGr6x7uaWUU
0064 | CPwdHnBnq0vKJEvRdgXCh2Ba8mRiOk6rPpx4kytS
0065 | oPSaEioQaRZ AieyUgt3iWVi iHaOBTNjzR2fgVL
0066 | y8tirfILMXR1PtGGVsd48FhFLH9 6i2JxRW8Wbeq
0067 | cdXFNFASfHMrtGmYHyN0QeST1dfBCMtUUhSSk8GX
0068 | TkhXq3WbYreSKeCwFJxqgKToGc2pDyj62I5UAuAT
0069 | rexF4lY98eDr1uIamJtNDLFWm4Vpazov037aP1Tg
0070 | HpEd Sf64GSx9fgiZeJB8oqtYSUuremXKjkDzH8n
0071 | tqhjR0Rc0ufpwGQq bzCVpDYia09iZxNOKqZbe4B
0072 | i50ucDkKZybRknlr3cNpszIdrim3HNYY XwIE5Fy
0073 | lun4Xd HW 9gPqZ5d n1Yw01lLYR5bS7JJl 3FtE
0074 | fonHa5miT51ubK5W128x7ygtij7X8Ok9R6XoLltR
0075 | iT77y 8cL68nJ7iUo9k3fSO3CqpeqgayU93FxIgE
0076 | 2PRke1su7ekxUI4fLMEb7k4jgmlRTTqrodK0jwAs
0077 | PLmbksf1tzEPfIl3xCqDoqdVQfvI9LI0ZAH2D3Ee
0078 | 4TF4YQNhVk 9YhA B N0q55eyzurC3XNGAAjLV76
0079 | JgsHvzyEMcrjMRc4uoU64bZtrERg2i9B0qAOlnZU
0080 | V2ZGktFi13bm00pC5SrZFOhbxLl2Kwk4VRrykK81
0081 | OQqzbXWa5OLapYt8OAxvpDQZzgGP1xOMsge O2qS
0082 | 4sjW4YYLPQTP qAycSKlToHX5QF103lgiqYWlQvf
0083 | wUtXuqs1D2K7e4F2ysd1imzJ5CtTXENlNarVkWEW
0084 | fMNz8ycmxau0mQNpRviyLkZssTLv3 v4wl75zoTi
0085 | ULkxOc3qHd PPbRAxIDjRNsPPrMi0gThhgmmqGmS
0086 | scFn6uaQ50QjfGTgqo sDglcsYtUfVc1PkwBN3fZ
0087 | lz8ry1YOYhRd7kALYQlxwbR09i5hzcqtSQWKJ9Qv
0088 | GSgPpvQy0J dOj112eEp9doOzoCYC1ChFPgzJafM
0089 | NtGnQ7wdoCJNDPThVnv08sGSckiTTgMl6yCXTgA6
0090 | 0LWCP8iFHd60EG6lKUiyL3Fy95Wr89CiASVsS2S6
0091 | NmNsvQ9O8FRuhwEJQAV1s1YGbjQmVksp0RsVcZg2
0092 | U2UJoXYsP6y89tIapNX205SOVIMW8slRlkGxAJiK
0093 | quSjjud6MPEKwXunleFAHfnnuwnVH Z9aQC4MN8R
0094 | u57yIr5ZxYCc4mG7k8HaeQW2AgHS9WO7VjCufdYJ
0095 | KoqyNBbQHOMVKSe6gXsfWByPDHiyYI8jQ5YTx7II
0096 | haLH7tV4vzOGkn0mlY116 DIsegTEuiPgN4uCMtK
0097 | JwtAapnUB0iU3DwtIlM12iHq3eebFbKzL5II DWx
0098 | oWUsDGyFP1YMkGCl7P8UEwnEdxcn5wDCc9uSG00q
0099 | IkPxP0Gx5Gw2EEMFikeOnlwThoZTEEnk0bcKkNcK
0100 | dql8LJbTPrfC 2k0LYZlPqTvCLoygm2FAjgDMcXF
0101 | hEiM04WOGxcHoYXyLUVRgiEo2r3zlSXKhaPRtwjP
0102 | p1AxrQVAXExIptvSU1PVCSknzvIRSk8afj6Benfc
0103 | y MGSL7ZOBmPYscLGokcpaj XwyKGUefr05v8rMm
0104 | 6Kqzges7Y83ZKR8JWV8CDKbheN Qot8Ga0pfQZe6
0105 | Ew4q7R5FmU2nmpMjg5QPMWIcENF 42E 5rnKdYEI
0106 | FyRl9RCRanKuMqIoDMxFnSx1rliKogroBxj8jYlF
0107 | 1GTXsJJzRdZENCvwJ6qbh28mKOkXwQEU4ysNjkY
0108 | vNK1ekotsqOrC2wK8AlbTP7Sfkge3IbzWfqjP3tp
0109 | rNi0bP2uD9IrC9RlLNOJGOtvHYBxqtaZ1vDa67Ea
0110 | BsoaxzJykUyxqApW5YRrUYA1lsOMrNlbdHlgqTTo
0111 | jFvtY DXu17dWeDm1Z0hWpWBUcDWG9DQtuNc7GpO
0112 | m32nhNukrhXacXDLxfjfM6 NdOSXho9XVYBmRwi4
0113 | EBsRllvUr05IejsqxaOxlb1WpTPHyHFIMuOgGe0i
0114 | 3mEgJ0PHSqxMe6nE4fYdJ7AxSZqcet78gTHlHpNl
0115 | VAgOwCP3klzvj Bwt uxWBTMJnW6q8CzT9LG tsn
0116 | 1bZRrIJ6jcwixKoZfz5UTXk0RK5LsUKedWvZA22o
0117 | PLaWytcIjFndUyCLFnsyifKdzfFWiiJEPmMUpeWu
0118 | 6fQAvuLbt M BjcZmxV1hd762ZaRhCbnHmGqETiS
0119 | bKPckrXMdPayr1P2b2Oox9gt2HlFC6bpHvyjvwNo
0120 | 9FZN34ZbIrj4Pfy8MNopj95uIniIY2tSGi 9j65u
0121 | J7hu3TW3AzB646rXglWMqJooRwREFMSx1EimcWar
0122 | AU Ve6 2EuCpzcUxtMULH3XGC0c GyUJGNdszt0D
0123 | AMdGi0CThX7RiAClLSmCpR5YThhCwHyXG7xxW5JP
0124 | j2lSAtWCNhimNpC1Ia3oLDzfLpINJZdjPc1Q0s5d
0125 | AlQMRLXlCK6fsxxeAIsiRrHHRMgTN ER6 sMtH w
0126 | iJGNFlMS9abNh1Y AvJOamrXtFuaRvTMbluvQ5YO
0127 | EN4HvXAU0sTtHnRY3w9rb9N1JyL2VStbAFoC7nth
0128 | XX5BbEFl6UGWj2Z7QiTCSGa6RLfDcGPtKt4umruB
0129 | hjraNGnwuiSrpeMvBiDQgdAlLL0SMtZSQH9VDiZ5
0130 | DCRSDoo2M5ySPX3CbDwDkWMigZYuOXHzANI9yvZL
0131 | XBXIoPe6KELDIZl8egZWxFPfZ34OajjHyKmQtJ5t
0132 | 7B9vfa zisxIdSZw22oSyuyyIPDly60j QieaTEB
0133 | fOACXMAlGICwlMK1oFzIx9JShERiU99XDe4fDU8
0134 | eNYtdvXDGDUA8Ysc6VTJdDkd YNsfF1rir2ahlLj
0135 | CYqSEY2vfj6jF WoBOnUvOVhkzsVVHxSDj2a6CQ8
0136 | Rc5O8B52vqgPyWVULmvRlIQ0aggCnrmbf7P07OSh
0137 | 1iP4J84RpD6O6rA4WukeWyud8qBE6MlEjWnO5Tge
0138 | JpC4jO6PqS4KG7EB1XXIa8ZEJ6wQzN8fH8fCWOlc
0139 | ymR4NwfNUimTLEdItH0C cdXchYQCQ3jK6ciPD5c
0140 | SikdtYCkLZgFYnYAZ9Qu9Ki0XWLvhiARIB6cg1MW
0141 | aEalfP3AYWRmOGz7MclF7NXvaohHgwVInWPrmYR9
0142 | DlQcOrBvYVcU6lXEh4TLumQuXugU2xnDE4j6CyiT
0143 | N9miRdi1Ckv3MXOMk91f1E L0rTUpuK4LjKa9cDW
0144 | cHEYZCpJaU7isOfEtS2VbCW3zXxDN2e4ucAq7IYX
0145 | f3Ud7Q3gxNxlJeSm9phE7K8nUowqQrdvEHhSQHsN
0146 | Y7Y7e4Cf4s8grRF3GNs9IivBOsd2o7OzvOuLR1Ct
0147 | iXkqE9WcwCk6Sr90RPjocthqlJctvxIks5zFjCua
0148 | U9uSDs79KjJ5BRU4iItz0CfdOKn6rbHCQfGmuM75
0149 | wj1xxrw93fTB YsY9A4iKfnD2 e8Vfz5AJSVilyI
0150 | c00tJDbaq80DP4AERphr eUKJ2NDRhGK1kdu3ikr
0151 | A5wsH6GWlfVI20RsRRgKZaGxEv5gjnl4M0HHIVhD
0152 | eZ6EtwZ4LWvSbZo1iohieRXeWVcgXGdhpeQVX5m4
0153 | lwf177vkFTpJgKanmr4H9gnFSxLB8lwxnoh hgiW
0154 | SJcuhrLt9BIs1le0DQl EgBPfjzLg69e9vL h0Tr
0155 | SKrXOzDLzErWgpFNigdeQ9yQjNgeVWXmPEqv2I8b
0156 | B5ytxCcJ2tSEiTEgQPRKD1FyF9Mw9ubc0vUb4vgv
0157 | wwPpOL5etvbuD2J4qRL xyKYgQvFWvMwBF1X0Hsc
0158 | zoUf1fveYDnYPtYBImzNCWlbS2Kn8UD7HMWBJNG
0159 | wjjRsBu0emzZOqLzhmp0DJBOckiqYPl18Eb2fL24
0160 | zwPf7TihU6G076p3ohYuKyVoAjl9BqLEx7tAR837
0161 | wTZb8M1P7RXpIt8wZh22y5y9qfZon45N3Wzc2Z7D
0162 | A0T3ZZSFwLZUCbdONXizNtfjG90W1RXuEUqR0YmA
0163 | l373o76ON59mSkzBqfx7hTB5CQhSm2XsFi1L rQA
0164 | zjsqM5xRCaiuRRSSUqgduo5 78LVcpNtyx8JKqF6
0165 | 3itHihci20V6r3MVqt4t Wj1PYdjocqSB 6cwSEF
0166 | 12hf2lkGr4KK9HJAeWQ3bQQyL70jf0PC8La9P7uU
0167 | U8JndOude7yzl82f1kXrVPhEBYtRiP0GE3EJAVZM
0168 | BAcvDoRjFNHsB5Eji41GsdecgAfPJpqfFhPllyf3
0169 | sKCQNq82llVM2gHahkER28LEM9wQRythahb92nOO
0170 | BNXmsDDbkjS8D2KmJ0daNS91ULIsEELMQZETHAte
0171 | 4ADF7vRbsmvon5vL1PisS80QUYY1NrVQimMgA tn
0172 | cb3wj04ceBMhoqvwc3qjRGQS6BC1ggMX7ZcgN25j
0173 | sBFUgOvi1BAWpYvFfxVwPjVAoYAzC1YwbjaY7ft9
0174 | kdVPO4dNSPGszQItU5arH5SCmIXPR3XzmscvTUh
0175 | rfIGVkbYLpWT gdxNwdPhsUC9Y J4NHLwrXTQTGp
0176 | uKZwgS0fd3ECxHLGyqFAB6E9ZjiSiS2hnDV7x7Lz
0177 | hKcjx tEXiLd44nZEhv2AKJ4XDTMWFDCC2uYPzoy
0178 | I84UO2SKYSJhJmMKdJlD4h6lbXpS3BYMzc2bBA2t
0179 | qhgkjqftzkMubdyuAux0hmVKFVyhdDzEzo3q8QpI
0180 | XtzfOm8x XHA5CaD0s9a6EL0xwNKGcUJsyhiJrBM
0181 | 8uQvqVCp9vCLbROaE4QA4SWHXOeb0QQwZ0wlWRaD
0182 | 6Cnbr6wfMtToFwr4SnmZy2JFIPJQJeieqJoGXmQ
0183 | RHpJC7O7d7B rQDwV3orACamfKbU9AepktNgEYLN
0184 | vpgpvdvY7WNWNKfdct1ei5BsNeQJsygVoLPayY3N
0185 | v7XCumgLeXmKOqATCpYdtB8Vt3WjtvxaKQdF02Am
0186 | m5XvQR9LuK8MAkCXcnaooNpU8uUml webhsmKWcb
0187 | mk3TvIlb15bQxXg6tpYP79 33ej6YmxxL9pcMlHX
0188 | udY2193nfDPeGVOGFDuxRTFqz6Kcnm2yt3J6xIif
0189 | CwKDNADzYtyloOwf1GOX6gecmmutZRrS  VU5asZ
0190 | XzzKPDGVjzoVDGXVTDXtlWRnCJxKi7aZ0vARzXHu
0191 | bX6j8uNLM29myHlgJC4fgIcREle8roPedGk2zjgH
0192 | Ee82imBSDM7LFRraiezYH53CKUs3CSSsMZlp4UC5
0193 | lJy7p2rNs5RTnF I egWuCpFDeRVyU1yah5uVEeI
0194 | p7iZ1kbgsHyeWQjwncQnR0ZOT4ytdaWW6xpfA vm
0195 | Qn3Y0kkAguJlnI7hnwkztyCeZOxensL9gH 1k8L9
0196 | RQ9RuO3u1EvMKyOoL oM4tUVNdxsjmc6L7UurOVG
0197 | 9Osb1upH5PpRTMyuBa2emNimfL06oeTtTplprCOr
0198 | Xf9zkBFUVZXby1V6LjTqDCxMeiDjlaFTE679xEOL
0199 | zc6yJmBq5TGERRP6UpcZNQROqCQqL71aWO5zK4Gl
0200 | A0pt8Pytz3TfOWviV6zt ZaeRHPUkxSml7CZldlV
0201 | q4zNN2ksxrvKEQgdVaK gGaL V6DvBx4 Z7Pxdwu
0202 | gCRT3iL2rSZxMPDAl 8ZbwcYuBMzMfA66 15Usmj
0203 | GK1FiYsQI3kChPpnVPfBTk64WnqE4hiHTfR26WLO
0204 | xTUyOJ1YohffU7Uhx18KadH19uwQYGLnyHDj70FC
0205 | LjPYSLt h SE0FSx9u0nUZSd2lEy P1 IvQ VyHr
0206 | Rm1yiVKY1SCkiRsjnVUaTKQ j7A16g9ld9OL9Nzc
0207 | pER8PxRYPW2OrPxhfEQGbKKrUYlEOBJge5YlZbJH
0208 | ZEGKSXhV84lLlIYhimkJ1c9FwIA7as7GXPCKRG w
0209 | HngZols08LnwiNeqy4zfqARHeU RmxPZMAj BbMe
0210 | hgIeOwvr2oax9xg6lTtZEHS2IM4k7yvU8HL1EiaG
0211 | jhxUdT9SpMSl YFrA73Zt27ztffT7kdUIF38AGUE
0212 | G 3RzM5USSVpU7Z3HMM8Q3Goe0G8Axxh5pHWhssn
0213 | UJnt6O0cDMEwMuwa4lwgEfGjhEjPoysAlZgB0kwB
0214 | w2mlcyU4kmEPqAIYTuW3F61yggbjFWoQv9UBsEVp
0215 | jGpW2 pZmSZSFl LNoic 6AMfdztNovEGOtqrwAu
0216 | ccdUnD5gl7wtgaI2uUwXHxOny3iUhK5PlS6eIvT
0217 | mTcmIp31594CT5eA6FbLRicJYRUzR29kVyXzrlkn
0218 | R3XCSHtnSIkcpcj36rXOpZHavMxfSITzMudZZn8l
0219 | 9H9XXgUyP2NIZnqKYVjoTx4fll2lETObklyMeep5
0220 | 9gHTYMxb0WOcpfiNa88gUvSmEJBkujdRNhZgsG0i
0221 | 5bAjPo3y3Zhkgg8wMh654MlHLQjQsZvg5P6ZSea6
0222 | jPuyTXEeK8rf lyuARAXvYPpAFHHZyKAKRVSoa b
0223 | J86dw12Zsj195p0di8Sxb8xSPe02bxeeJZjlUVSs
0224 | zvXRsj3cVFa0Q3I05FSAj9G9hnMnlUJ1ZDtO0kYO
0225 | mgeM1brIeLVtIOcq9JJXct7awrzmVT9SgzUgYjKy
0226 | K1sjD3fT3YPWk8GTP6vXvw1B4WynMejNFYi2I9Xf
0227 | ft6krwflWqDq3OihJc2z15ix17xQFq3RNOUpZa1s
0228 | jzeyDfDO4DfU56Wmut ESErcjDOubLx6wBDd28Rr
0229 | OfezsS2HQq0f4vVkwADRkRwRyaXLeQMu 7UUtjCj
0230 | 2h9zGaC0hC9gn9AIkxv79KaZb4F2SOCzwIGWhlAl
0231 | LIy1RBrN61 YgOMzFV6gBKcsAoCymDh85AZSUaxo
0232 | r3q0YAp4AajxZZLv8 p9mO0YKiO9k4GBgYFNX1Nq
0233 | I7mfBNLbS5eyUiCNwp4sHpXXWPr6NOKgCLgr4fFw
0234 | 0yEbe8eRxt5YlalJMb9 EMIjU6mbbGj2hnunT7qE
0235 | 8vIsUFGzmkR3ryKWtY8E3AVZNMBJxNekcGKs0O8w
0236 | bluXwePxXhuauDY4JyLHgrM32e4AVuumYF Ahkuy
0237 | KrO1 5r1z45cOefYTrVzJtMyRC18hxMbdaguRBkm
0238 | 4x4 62qXg7euMZrkiDh2V38AChHKP9uUoqsfJ2PU
0239 | me9danZlgnLH2VtCjF5nw92GXlrkt2Oj3Up4lbPC
0240 | q6fBjFFdrgOUAszLHFBQO8ndcqegoNTygU3qmXvs
0241 | LUfFSEt5ptel4iaDvlqeQ1L9KEpgZJ 0HkjftUCU
0242 | qEwawS4W14LhRTb91PiFpU9wUm8O83Q4C8HqQ3y
0243 | A tcGvMBC8Xs9FRDj8NPtsYacrLdtBPapwr2PWjf
0244 | r mKfnDwZOA8gqttJQuKRmiIsfJNIx3BiBt6SDAA
0245 | zbJ8AVMtpGiIJsVyzaY3Cdd0OvgsEudUQUdmjUFo
0246 | Q1st aERhaMhgmD0Bdhz9Z1IZQ2MBOlZPkUIDsQ8
0247 | FQyRgAAbCJatO4Nc58DTr9w1FvSydPwTvTXrWty5
0248 | OxDPK6WHiu8vMzc1kgg6EV9YUo4k4VAeMh1eWM06
0249 | uSx KmpBsmkZYmKNQmZ4wzIelT5OF0JDwMJieAxe
0250 | eXshoLuo76pSe28eK16FzdRgD5qbvqvWiIU6P3oe
0251 | 74SWc97LMfI7rccFOBt19bdWZH2QUIdWRBAiB49x
0252 | mBdoLoV3XJ aTZehlcwPpsMEhepIFUw5nS7XsPHq
0253 | RFd4SNrmi9oUnxZi9ROChFcry0frMF2ycmlBdtIv
0254 | bM465ZLVv0BATUdgyTQ27DKJGkyU6iaY7fpIvyMw
0255 | PXZMhJuqlDBD8E1nd7rMtelWr2iNjMdhcR2KcTdT
0256 | qqQ2wTLweBGouxZAO3juXvzPD9Nkc65bMYGXGKvn
0257 | 0cTy ee6oFKIAU1HdDHBq0sppWwCVhpU3wwF5PMC
0258 | AJ0hHWzKiqstfA9KNW43ahqI6UhcBR i254wzJSh
0259 | 44LM cUwCzC0sEilW57f4LxOxBGL7gsvJ4K1Auul
0260 | jZU nGKMgrhrB3s5 V6Pin0Vb48IYa0bm7JUG0sg
0261 | S1BBq2 UhweXTuFrNGWSt6B6Yu1P3cNaix7QqjZU
0262 | rm372VaeJnlAqxKOEPlsosEYywEgh3Vs9uPhDuhR
0263 | SWEYEzosF4XdWquyBz5qTvZtzKkmN7MuMbTYfS5W
0264 | IPGwmjH2oY5unU7cb7gzEjsoWprhXPiUrfeTWAa0
0265 | MjUXmMtuGbrmqPDsf8JE5HpbFyxIgo9zoxJOuZ9g
0266 | k2EpiMDTJoWptvjuJzaRVYItPuSG2 fgSxVkVkB9
0267 | cAkYEVIzsBs6QGMxOiGmMTGpD66T1iH0aAje9tlR
0268 | HudDjwJoN6rZ2KtNzqIPejUrqgYLWuWLrY2QDkX
0269 | fYjk3u4dGBPuFhJxyDtGH31870S0JEXRJBvbxDQT
0270 | nJ 7ylVaBHatfxp6McrEcRpN9Z26 NED3VYcb4jU
0271 | 2iA1dOdgI9mMb01tS5K7G7z0QeZFTfBrmFkV0arw
0272 | vJRJDhfTlL8WXnxfTp0O4mVidSlitol3lsRqEKvO
0273 | CN0c0yHnSvZYnSF0YfWqDbhPliKxxLcSN2aAvOg5
0274 | tDlbYCKBz0pxvQs93W4FAW8zbG6387m9Viu89tWY
0275 | Ckaj3sfomfpR1xEvDRS5Q0SWgiWiW4ZUAyeEUKnM
0276 | WxvZMV5OilnBvPAryZc8AkQ0DfRg2YauKyCE8zWt
0277 | qNMYCxDvHwX9HyQjv6LmZTCdrhEx4RpvsZIlwbuO
0278 | LwcUpffTNBr9Rp00UGCexj9O3y9e6VAb7qP30Bhm
0279 | qtG1pYxDVBVXrQM5QrzbAiqL9unbuesS0LNuy6av
0280 | vBDUnRQqc18NJvn xstQbNkwB b9JEo6iM1gn Jl
0281 | kWUzzVALuwg38VuHy2FD0C6lsHvDk5yP9zOMiN L
0282 | U7upJDfxU3PI21kx3l76us4nDpM Y9FhMu5kD8ac
0283 | Q2 2eAqThWOHbETszZWwTGOBhjqZVhkAv5YngOe4
0284 | EpqsCXSJLVjsnxws7jNDBsURjsyObntKqTU zMkv
0285 | j1tx2EkHl4a7vtorXXOwC5501XHomPzgueIHU29d
0286 | JpqURPpRCcMIfl0e4GdoKKDHXuNmhfmInEJK2h3W
0287 | mYMCaVLFlFG7s2prJtB97Eu9DkeBt6BOHlXWnFuH
0288 | gsMJjjWX1Mj89PXXq6D1tjvwUCAyAWz9wY9WbSnT
0289 | sxuXuJmnF1gpuETD9cPR5ErMxgOrx6giVuWAjjsm
0290 | fpKWqHsbWeXSt15C3lDDuQSqVbhzyEdH5GbBcFYX
0291 | EKNUJ9XHY1f6M VWBrC3UOeOvHRZBbKa0boAqoQu
0292 | CPWKw32jWmlbL1XI8utontAr6nwi4B0xBUUxCzmx
0293 | Zfl5ThVhEMVtm YwqhCaYz2w70B1s fOyD7rOuip
0294 | JijRWdY2PxAjk68UZl3gkFtN5quXu3c25cxLHja4
0295 | f hD91HiMOtD4iPxMTEV1mni7offz3golPu9QGK3
0296 | ViAPK6c5ydmljcYkuKEvNZKCnNIhrW6v4qYEIPQv
0297 | GdxO8hoChIs3tB f2Fz7 m0nbUwLj2HYwo7HxgkN
0298 | M1Vj7M2r87s494Di7apJt6M8dzjZWY7pXOym0e8r
0299 | 4hU7jBQVahtgNDPshUCe95vr y4hDK3RYVog MLw
0300 | 2P08AO2rTrpFA09fgYpFLPgXSJ0xG6yLLX8KhWwQ
0301 | 4AyUvX1KG7ZNWQbJb7g6YT1pZv9pCdC qXnWIuzv
0302 | Z11vMU0o0gTOtFlyqSwY4V8uhK5SJVHzRmfL3zqT
0303 | Hy6g8Z3sJf BcIQrF09poOnapbM0AIJz1KN39VS9
0304 | Yqx47uw8i2 pHi9XFDtYMTTOI DKdMFB8kJJdv2j
0305 | QeTJ7TSES7 nCHQuJ37jHQtaMSwh9MHUUpLVllOF
0306 | hf7K7yzRivgwS3Flzo NvVHbM9dxk8Hayb5J28lN
0307 | lnv25LK4S3ljZbcH87YtsvlG4FM 576IyChIvxpZ
0308 | lzw56Z5S0gGPuHKHyImuCm7ABfbgJMt WWSHc7tL
0309 | 4IOUHctl8dZ3UHlxS5g74SemnOa6mR6apZ0  0x0
0310 | cipQ3AJ2Nm3UrRAAr4ZELNyRCPoOh4Elu7qQ6zHr
0311 | JghZ37IFi Dgo0lWYpMBiLc6WlnuJ7v76wmOyjse
0312 | lmPB2epHJj8dRzHMk6xjgoyJZWhoNJeO57OrMCVR
0313 | Mv C5jHwjOk8 3xbYjCSIoz0w7AAUBywuzTmnmm3
0314 | PM4IWzOnigPs0WNdnIjyGlBRyQrUJjzXmzD2i6t6
0315 | MU3QXfa2d1t4mjn0w5K0DSsgJ4jAHMjID9R49PjC
0316 | VixxkbRZ6Kl497J3 3eisyj XQ8uS7fLYb4Ak1mr
0317 | G5E5dptCBcVVCfIi9NUbx4xcQRvY1Xzv7TIEq55f
0318 | PuGhZYgexjYX2aaY2MjN2D3XghSmVff7aXodfuHD
0319 | m MlsQ2dlalmjI9SSelu kOLLFrAZUHP8pVedvUN
0320 | ZfWTaUfL5wQQeq0CUEFWt lKcwDD619D4CiVAbit
0321 | NzaXPkLlfyjvbyt8IoETB7k9d8euEso7YAatjNR
0322 | BhirTY2x9dCAnuo2t59XIKumiuN9oLoZEDbGgVNf
0323 | EL48qCWXrj1dpNuZEjru MHZO8LhUUmYrXAZaqjb
0324 | PWeD5jNILVgrrSCki8h2IxtTINOyu0crJJ3dTiee
0325 | jG7oV9vzVFIHOyjZZCh5qpOJd1ocnoj2FuVQbWFQ
0326 | RIcLnKaSKx4knH5UrJGkmMvuqhrbMPGzlcYU3mJV
0327 | 0Q3ZwdNJ3pGtnlvFTTCyV6ELYQ7egabdaraCT8gx
0328 | O9UxrPschiC695hO8X36khTC3RrbJdRnzxcBDla4
0329 | P83STmqQ8lRZ cJ1JSXTUsfxZIx4TIuOzKx9WjQ4
0330 | Qz8fpi6OCHQ4v59jvNU1K9XZyZ3 IGKqI7URXEu0
0331 | x7GZnwzVgOC04laXFgje7pzZIgZbbhlWep7AwzRs
0332 | ynALEMcEbubS2yHgRNw9EbcE5DIfTT6CVp9ctW1n
0333 | zai2X6BFDRy6PdKRE4sksugj0mEaWY5WclvR1oCS
0334 | 5giU7JBxSbHRNgDrJAeq7wz553hkJPC xqeXlAJo
0335 | jiSadXhPKa3i62YlDEgyNIYjhG2eG JpV0woqdB2
0336 | XbQ6yM2ViMX3OVjLsWBbef4jOxyDY5tHut7Gy2RR
0337 | 6MPKDfEvGNpqrsGt55Jvt0GzqAPW4iWsRwIuYKkT
0338 | 3OmX0lOFpErJHjMp8Z9al66C KrJmdA9LEyhlwYd
0339 | 1rIqX6Rm4JavNrBoMJqI0jItnYZmM8fU9qEg1nCk
0340 | kngptKLyngfSBUyMxIr3EXHuFM0MxSLSxXntzpso
0341 | LDb6pRCYyvyET5fqox Ek1OLZ19wVf5fRde6Cs2r
0342 | 5otGofdPX87lI74oYmSegZlhDVTj6pa1WGbFdidj
0343 | i20KrplgpOVexaDYQyIzH87wMTVVGzFFYnLxsMzx
0344 | xtmbBOj2XVOtpboBEDD3DAd746sdDyPBLwGE62Ew
0345 | m6k jSqbnGbzYCNrdGhBEWcXTJe86xPBTqi5fyyc
0346 | t8mJA0jIq5ae2qEeD96FfC4M918qJ4ZuPHQ0LRYX
0347 | pZBr7s9 dLYqZI1n8DjgIwUAufkE6et4BZjDb7ho
0348 | 3E8Lz1sMkkuxffYaIFf9YO ali9xR0wKc4ucK MZ
0349 | mky gLMH0reMqOSgMRc1PRZwGsSzYo tupjjfLhg
0350 | CjeWRKTBhO7IL7nDcjmeb1plFPzSuiu8At5JSaX8
0351 | AE j3pM85TAWNSYxaEZFnuPUFH4 MMB7YCTIHVcu
0352 | zNXD365MotLCsPco4qqHc7CzB8YrZIAF8YOtLd n
0353 | Psho JuImRfO7biVqPQA5mkg6tIIe931apXY78hC
0354 | hWXDhQrfXwyl7T5N9W kvGRm VwvyVgGZnlOWVe
0355 | oP5FWyOmcCaw 6OA092f1LJhiF TvNc0ttZs2ds8
0356 | iqxjvzeHetsb9uS26L1wfqv3lnYor1II2ZIKRsIs
0357 | 4Vc5APqde7LgEDwIqLJYfkOJ2NbnSk82G aGrYWl
0358 | IdnQmHvzL5sp1hAOF9zmpilOhQic UURin8KPT0a
0359 | gmjTX2uzPQBmOnw22PE7BpBjX0VHmgsrlWDWeCto
0360 | m208qEBiXOy IOjqxqg2Gtzd8g4pp861K66N9a8u
0361 | RIJamgtWpYKNQ8JwxN4u2wVHFBJRg4o2mz eQ9Bi
0362 | Ungq5z O44f6MfpLV7pDrkVT6E Y3gFoKaR6VJkU
0363 | 9KQmZocl0msdCMbTTxVV0BR0kxkcl1AfjeABSkSS
0364 | 3H4L8KuC0LPnCk0CtM6Y0msWDfKYhdUH2JyOSZdl
0365 | 3Ypd2IeHfHfqI0cE0iXSfjBANfVDQ vcabPbZbuV
0366 | YKfl8gXHxXVMT tQYFsskIjQIsGWjZsNcxcBbLaq
0367 | pvvwGHzJojqouPxZXxcTNdnz1JMXbNO76leqchy0
0368 | hJHaNq1l7F6GxWHeqjeRNskJQUzjpATxTHntXf3Z
0369 | s9ywVV2czoQvRs85bfxzrsKZF5WUxJFl9u9D0dRc
0370 | Rd1p5nWw0qtSynigfLHTXIMmLNmnzuo31T85MFVu
0371 | yDFzI24alZ bgXhiL6pxDSqr9hTAaNnxXidtehHW
0372 | sHozE0KVzkT7MFeCvAf6R2sGzV0NXvFyBXcRhiXb
0373 | cm Gmy3f2bjCuUgln4wZGlKE1AJ4N90s8htIY Xv
0374 | o25UHznOMhgxRbZF KesK6TCqYzLK7ANY2P0OVUQ
0375 | V1fGjXKOJjJsW3JX184g0YoXWBJ8dNbJjOCA4Okn
0376 | J oMuP5O4GPJbZravzP94JBbYXzWIjPfIKvN6nJY
0377 | g03WYtv6h1WzjLW1r410kVaQGL5y h9ymfmMZZb7
0378 | xdOfNeUdzlNmKBzjTnrbFBrkTCiz2QLvIf2T0669
0379 | J6eWb7Qq9mCfi6w6m5zD6Dm 5QekxnAZ9uDI9xlC
0380 | 4ItLTkKd2scZBrdCQ0zH65UFG5e0O34L0gmG9kIU
0381 | EUMoA03H31lQuboV8bXLTBQ CSz7ozXjXxaIf0lN
0382 | uk QPav 7RzjeP7eJuzCLcLWqBMsIbj4cucMTPI9
0383 | LRFsi3vUGNOrCICZ5RBwl4zymWPbMrX8dN9FHyjN
0384 | 5FTj0uKFVXHQaOQXxR3P2VyTuCcQk4lV1qlGDyi0
0385 | Mlp7RU1X0n7I4KgzqR5lVT6l7y9k7nRvMRg27gSx
0386 | bOG87JauEQZomNhQGK6hEEcGSKqc0ntuCuugTx3Z
0387 | D1HpA1c8q1ROg7XcwCM7hLDdUiEri1H1vkiuYYAd
0388 | uWFXCBskFvvUQIvL8YtSMli858ZAui13cYxoOo8i
0389 | 330Y2eavcmNIlgt1HyK EF1 nCOB7OjaxGUkxn8H
0390 | YkIZUldmj0atfxafpqkTDbkDGfCX4EuVwNEx27uM
0391 | GWQC4ITyIlBhDdRmXT6P886ukKJMU38UYPKOoIok
0392 | PSpK4mJtAEOU3nYs7JqpZWMTlCZ2Blkedp4DHFhE
0393 | 4uKJ5pjZVgXzX2Ik3qIM73GFJwnUSxGlOyd0V Wm
0394 | rt6OZ1Kge0knT42bjKXTKvbtEPUmMmaADnLf8jdj
0395 | jnhRSDDPdMUfhzilhTCTP6V6mNTcKBvHPC3ZWgWr
0396 | grXRNivaP9jsi0LSx8T0eUPYnQLiRFbg9hrAwuxt
0397 | 6nb73Xb 6AwkoFdLdT8B2bohrO4vq20ROnSrphM5
0398 | zF5Ox4teBQ xAkpEg0pBgIWYGcb5XIgzWfkGIGZQ
0399 | CjbT9SDmcCpDofd2wHrsYlSbJlHHwABpbhamQ2mz
0400 | Z5BqByZeKH0SDc9zAtuLVYdLPhpbPKI7eTV2Nqap
0401 | eXcMFYs0Z6yM OOmLRZyJszygnsdEqokulU8QLK
0402 | 5 CaS5kB PbDGZIkfdjPbYNf677YoRVKL3XCjh98
0403 | UHN86GZ1964tiVC3wG6JBFBakZqcDDf11xfLfOfj
0404 | 4QLXLA4jTy7Q1PdcwSqXXAwc4Olr4RJuxg6K2POl
0405 | O36SrMypqMbCteaJgi9wV0zIhFKXnHHFM3iqE VC
0406 | KANdsn0KVTwVLZ 3TgnT4v9cqJfu0bk5rtjhgubm
0407 | sbJzdVE5VWhqHVNI8T2DIgfrG X0N5N7IMHYp9yM
0408 | B6yt4fvqtPgMTQdREwRyRweeRd0HWYntzShGqxdE
0409 | dLPsiHKlsxx2XUJBFdXqaXtAwVv4JXtunXYbi1xY
0410 | 3X1lASdyvModRQklls8YA3RDzWMyglSgx9F8HGyd
0411 | V9aDGyS i3kL7BXaYC zqkZeU5dHoVEovLyVdI9O
0412 | xqGthJVF3wV7cQBtxPvjm3h7jSCWMU9QNZfBWWps
0413 | OUEb2IxkeDSPd1MypcuOcMXoTFjNo13a22XUGTyD
0414 | s51vkq58qA0nHweLnSIaRVYQpLjCFP3UYJAKGj3R
0415 | d tKiErCixcfTLVypq40OLkoJg9 PFyZ7J9GGdK6
0416 | khZao4bRyBh5FNQJYEyafsxYs5oI6OOfGcEAV1Om
0417 | t2L0XcmWb0zlxZ78LBebRB9QAfaO5sff0 orYIgM
0418 | 6LWDGaWVBIsiHJNkMXHIJGOhHQOXebYBw1J4bLh7
0419 | i3Ww1NK0la9Ia74xieDvt8DCSQisLXgQ0IrML7Bl
0420 | i7vLCZ35qUqiZvsE0uXh1i1x0SbUdz64z7Cni1Dl
0421 | kJuTXafG7ZlRTpiAy66YxEdwJR7fK9M13gZflf3U
0422 | oZYdJmceBta8qS fFXJusZiJDLK2ziq8WAU8XGiD
0423 | YZf4TeqcwJMnlDs9XTBH3p2jHzrIcBmI  46FI8u
0424 | o6YN1zicvCBrdwNwwzmlZLIuWgFSUPL4gfgX7f b
0425 | us7QdSkbTxoZ6SflafiBtYJ2djAZ5egnTl38PRqN
0426 | Mcr8FWS1DI6SLxboVeay8N9WaRKav73AFSVeIN58
0427 | vM48wVpxJjwed8JKOzA5ZdITEcRpEqQT8PJsK8x
0428 | oaEx1junN0enxq4lgHldl7SjXt1eUcc4AQwaWI5G
0429 | pj4fyni6rQ86CV J9C22fLLAkc8pQ3Y3ixGeDDbL
0430 | aCfvkSIlB8gYTkw5XG5TRJBWFnxIfLtVRDSfJcd
0431 | voHYMnIx7GK4Yr8tdgGkVkdIMHN0oPjprErniVHg
0432 | A8wLmahNacnd7RniTF1i3pTcWifvcpmQZvXo0Cw4
0433 | gHiebkLA3RUDxM2kVHhXq1UZeykJYmhEFxJx015D
0434 | V4yS6fGywtsWqPBB9RMloAaOxCiki3hsjnzi0vPR
0435 | qjQ1O8HF 7MU6jptZfLRqmvpi8 79lxdHoqmZYpe
0436 | 01HzxTxDT5JquCK4YqW4O7wpxD2y6LF8enrevxH5
0437 | K675tfvVLu7Kz1l1pC9ixT qy6s 8OKp47ZsttTd
0438 | JnWo8QbHRh7Z5ihxIf6rjw9r4B5Yq1OQdFOkOZbH
0439 | Y3ZoCCKzulDh5OcWSZZ6d6xOPcbj1lituP7hbs8R
0440 | h5WHNf 5mmNwjWlTLlT1XvT8w4PnokOWBSlGMawD
0441 | R40XooAF9Dfd9clMXhFj1ygEjgO79o8QNlf2P1BS
0442 | q2XEuVin9nRj75GNVs v 2JTPR2l8zxZM nP4p4X
0443 | EYeOHrREgoEt17WPuaPnyzdXPo0DxdUXcuJY7PxA
0444 | TeJ5vAb6fTLnuIwlEaipBjaNPgTft7KVB7zHOzJG
0445 | nkEEfLWiPQb8R8HDIw067R4RthfWul8QXOlhche1
0446 | WEx JC6ESaAJytPBzKL63fZyvRc2czwSDcU9JM8B
0447 | gOOiRomRLTlwkkAns 1M5NJJvy6ABsuq46Utqe4M
0448 | y6LVpS2rCo33qHQPJjduAME6 QHWG2qpga4JiRhE
0449 | cu4GmNXxDK2hpcrBt6jMJZiUwihUD22HLlKN08IB
0450 | Y6M7qwsquyfoIx3sl0jQi2mClzPboCKFRYyZ0cX
0451 | PS4JrV8jYfPE4eq t1doY07kZMrylVTVVmi Noii
0452 | z n3onpDeRQAC6a1iEMVt4drxd7koKWZkbr5XcIC
0453 | 7YYY5bCkkYs3dZT5q3DWg5ORuqgXL26dwIH5jQNv
0454 | 2ejLYKRyVrqFU7ENCWelifcH8cR9IYUd59e12ERY
0455 | 6LwLNpwLU4ggl57VpJlb2jhlQRq3y85UaHm9sB5b
0456 | FGGKurbk2MxFwM3lQFN4zNn7Ltol6DYkwjA3wfYi
0457 | PK6jse68WnjuVSzBDTjz0TP8cxvqGOIgmgPVcrH1
0458 | SjZf1f0XxsP3SH2IH saWguJdtti0aYl65FOE0GW
0459 | 8Or2VWhBislMTBjelterMHYhU75J22f2CZzM9rRg
0460 | kRgId3AbRkaa6VHmy2aNulpHoS6IkAZkXWdCHBZV
0461 | 62lJ43F4Q3mZzVFO385VWlCpI8g9lPXmoMgIG9wl
0462 | UTdESW7b8EyOANxKa4HgPqWNDCzDFg9A1OIsPlQ
0463 | Zjyx8zyk2KfumML4kuLQNaBsi2bqDWzL dBMEJIL
0464 | tQqwMJzeGYY1hDsC7vzKYgxWHqtXkOY3uk0 kiCy
0465 | sLd0lHpGWa3KlPcEQIoLD0Ugv oj8X5cnQTVzL2L
0466 | Ob8wsJWmBI1 BJFETbhDAOchVA3ho5t9iLcEP8J6
0467 | ZxsciXh5MBEtAl7lMunOPBbFEyIRuLLugZooa09s
0468 | Tnk04dUyP76eTD6ONDjWHIpvuQIkKtQvStz9uxfe
0469 | vd1ctfCtDWOwiBHUUhXDwsYJms4mvEHohnfXRpO5
0470 | 9AcDHl5eYEDa0BtdlCtuP6TEYGgJgAEs2FUBxkYL
0471 | etnyLK3NB9vMKXRhHIEKHo6SkSIzG4ksr7WsV4QT
0472 | KBJ3Z4uSvG7U1djBKUM410ZsIO5CfauKs86ZXYmF
0473 | 3GyGfTOnFV1hfp EHr5K3bYP21K10CKxj26KnXf0
0474 | tFVVDVWQmQbUhpKa8H1 tOthTcdH0Y1Tcu3sTnev
0475 | RXFxz5eRGLJnpMSNI991Bx8CpO2ZpElv3gsyQciG
0476 | pEC1IAWxa5sGxqeSzcg D7NmHZ5zq98cQIi9aiAA
0477 | 6GgNQCHKLY6KKcFqV52NRakFWrMCqu8hS0WH4iEC
0478 | 3b8Y8 XV0ZWWctnFGeFIBV8oozVC0fTMNh7m039l
0479 | iiqkcqPk24MTwDaVedRR0rJkxX0OdEMgNjVIDLUD
0480 | U92KmleFsjsq4OnAg0dmyBRnDjzRk6jcLXo4AiJm
0481 | 8KaDMbgpvY8bDMfVcCkgIxcG3PFlbZt6WUX gkY8
0482 | Daqpd9ZVsX4ljOavnLViU7UKtZYDlMnlOwf6DeDZ
0483 | Tb9i70wIhcgKg8H6fYIzVrMHAEA39QhD 5FqCbVB
0484 | P99gcs1iBczUW6W7mMUimuoIGr7cjo8zrlTaekUE
0485 | 7ja4anndbGpsTzphaGKX hhYb81yVNZiF6UKHWTU
0486 | MyIUs 772IEqpd6Z9GRphg08fg3uPIxqFV8t9lq1
0487 | awupAbu7MpKS2Bjddi3TZSHfF6PGLW8j4iHFequi
0488 | o5Omt7o bskfW7IuIR7NX9vbP4hbDkdAbfJGCbTU
0489 | l9iU6AwhPqHxFBVoZ45VtT9tljB 1sZbNuaFUNmU
0490 | EjoJAEzk7VVhC8y G1SywSzji98NB 1B1qND0PKO
0491 | wc9gGFEsjo2ZttAUxjgfXBpUwwKk9PrrZWgSFmIH
0492 | DaQooQXF2YTHrYH z2b1Z lk3tPrYl2hztUHa7Fg
0493 | T2y mdSgC0N5dfr7n5DhgRVLDPAXgNy6V7RMVdFg
0494 | O1OZuwahmBoHSb6JQ0GaiDVTD7gbRgM9j4Q3L pE
0495 | hmvoCA24aYIQTxw2FaPQsYi38kZyc LWI1qPbYQw
0496 | BRp15wV3iuU04Zya6nw98OW4j1SRN2Ks1Fna5ULY
0497 | ZtojxeEwYIysSpQ62oIfuZ3rFq EZKA8upvU5hIe
0498 | CFYiLWFgwj1OWZDoyjXBU WADiwBbm0DwYVE VET
0499 | nEtoblBZ0FuCldJuWyH94lGscApaPxnEe0nvT8zA
0500 | iMnHT0MzQbq5GyQlRXWqvbH0WDKU8u1BqamPuCUF
0501 | 3FvqBeSb0Hjlnz0Cmdl7jgV00PEM9gkXj3xs0zIc
0502 | lgAKn1lblA8JIg9qQq0dI2C3V6Yf6CX3R7sml0l5
0503 | xohYkrB95aoJUVud3MM uSnMiS FIf4hyvd9JBhB
0504 | Ayuk2It9LqVKbTFIsaV V1bcaTg81LkW4W73pcqK
0505 | co4vmmakwcZ5Yv9h3ovuT4ozFIJRnmWmk1ykAaHv
0506 | VHOh0XVf3dXVy5MM7hpFmEtxk5yL2OJ4v giyeoE
0507 | oz71ruQG5pg5S4ACWbJjUHq3rmSdR2wurTiKgo1G
0508 | B5DiD9xU2jfISqYu6XLU9tIFBN0mnokLJwwMdvTP
0509 | 8r3vFXUH0I9uBYiXbFzhKktnX3UfKkklwVHwY6zV
0510 | CIlV3Of7XprsKLXMPy0Bizq0v08wme0OboeUfnx
0511 | mNisDfLyac86jEczz6V0d92ynH7aKokrf0P2Qm2m
0512 | za7MrfBimgv4s5mlD4GEA5b2npsNcrAeuvGB 0FM
0513 | lsl3sntWeFnvXYFyqJ k3Wxo1iJcRkGUqP9avFv3
0514 | E7kyruLbYKnHqAt1OUsC8GrCyxICP13qADQyoIY8
0515 | eP3fxGMcdC6k1aGvRO0ysoz3c4opqAGnyOPbzS3h
0516 | 6llz25OWMWCOBnVQYcDmAtZRR2FEzUt ubQti0Rd
0517 | OJWWIzTbyldeWK84amZKWGMQJHkhjS8WWofU6HZt
0518 | qzsbTLRP9fW8t LbrWMAbxlMZBaqMk o5UrXZRXR
0519 | ZeThD2aN8rnh3H2V6gOpW6P4Pfa7WhdLjNc3mGHG
0520 | 48ekjk7IPW01u7PbjFKvJODreIALhL42kDyacibN
0521 | COY AQ3rnYyPOvGZEalUsPPsPxzbf68Cpl5JzZSp
0522 | xVa5sxiWRcwRAFeHBx7Q930r3GjwTCFGrSz 8ocz
0523 | DW9zKiKJE535idqMykzNaAeC6Kl4x 57Pj5M7InV
0524 | U2zGSCl5BspHd7Y4ZgmHlWf zb4sd9R6jMVeXUP1
0525 | 2UJnhmZFjOIiLIO0ykX7i5u9OdlvoJEAMYNq5z5J
0526 | 9W69c xH3fPp6CzgHK9jW5OW1ap7EhkoemPtzaFF
0527 | Oe wofKP8jvN0LemEncsls rCIarBB8Aio 63RDu
0528 | WMXN9R19fR8kHvqy9cZJwavUTYu0qTNQpP6cEDda
0529 | p0at4hrbVMXIlYbnyWWUcG5Iz7NRbCIjuMv9yRSn
0530 | moTidl s1FFdWBcTME9LcQhSf0ZN92em1jygvrvc
0531 | kzlhLzsCR jtLDaErSsT8dH4W54fVsUZKTKAXY i
0532 | zpSK6w9iyUsiEICnyzuZycyBacU3fNqaIh2KL dU
0533 | OjiMvRWCxDLohOlydTBi8vZFsuZ9LiuV8rruGhbJ
0534 | TLvwn31Wzz2LRjFFtza9zZ0tACs2jA6bmYdFbxma
0535 | BQNfFfAvBdiqepuBqS9UxgZR DdTh6fOHKz871zn
0536 | u3ImuMqQCIaRdlpVEDUIpaOJkMBplZRMEXiJ2sc2
0537 | 6uWZ64CMLlkDo6kT2PcplKp eMoYGsnsPMH4aQuu
0538 | f1Rhy5BBRNm8ha0X njWBNX5FDn7ATScz6TbYaJd
0539 | xcMkFtNfZOXsd4rQ2DVFAAx61Bk1pzYPw1Zz8qze
0540 | KqLOnGnKWQV0S1LeLSALNtt2LYnZWBnioL4ggTK6
0541 | HPP5us6obSlCU 3imLH57s06kzDFE1WH5iCOOdP9
0542 | sydR mTKxtVKH2rbQGRNJYmQpaN5jyh0d3Ayigu4
0543 | URzrF67uVwFg8qBadGvXAHiRwAwuj42qWLDsj1mH
0544 | 5 bW0Z2UC8zcNZq5GzkYudMHbM2VnQaWOZDE1ZKE
0545 | 0vjqnyraucmVxRsG9KFOopbv0VcPBkMrOYcof5LW
0546 | ur1bmtcgUPDHCM8htGAq5GkaGT0uO3RYrJkOn9BU
0547 | wITVkAE6n1BSylLPOQx9H4WDFsjywvtNLbAjiTnD
0548 | CFK93oQKcZWAZ2TNCQIZ KSeXAtmH 3INcCnGweF
0549 | dKx WNk0nqGzH28RzjLQl6XLNvf3IjJXGyPWGiYO
0550 | E5yV8chCiEjIyMorSP1PMCcScECM2X2 mwCYBUW0
0551 | P3guNQWB5wOHMQUGSrcxGn9ttEd5gjoOudz hNy6
0552 | HecO3CCd3o9YNwGq9Ks5 ZA18ZeniunFP2w7xSk5
0553 | QPoG8WncJfJ6PO olf1UevUHKYbDnsyDqlhUKIO6
0554 | EU6MABv74ePzIO74gXsrESdLZmECb LThzP 9Wbj
0555 | 8N9VKOyZh4AChV A8a V5rZ6i1iQ9qLc4nBAnAwU
0556 | f2MuOrzrbkp2dtyw3iYZgyEinJXw4yMvKjlRx3Zs
0557 | cn2XZu9UveTn79X6qIEl5oaDpopwxUfRs0jfqXCG
0558 | Lte3aaupFBfmRYFdTH8fmffeoEzN7aYeCcQNusuC
0559 | dOPa2ZPpYe7lUacld8BvO75bu0kUgXbzctqUJb9z
0560 | 4mUiiic o9iPcxPgPMceVqtogoklx9YjUq0zrhtF
0561 | sYMAaqGBqUTKwBCQN2pPINlDozWvly8xu1qWyjX2
0562 | GNAsqXxp1Rk3W76yTQvJSSzV3K3Vjm5Vy6jgDjCO
0563 | 67UIor7sIFBQbXyHsDOMVVXeg2QFg4GmDbbYDxDk
0564 | 0agHAEISJiUKh99zmWXBlO0V NySvz5mgi62L4ay
0565 | KFP gOSysCNCQz4ouLc8gwWbzTJrKVforrEP0PmR
0566 | HgcJYqT82FnepIgarPLPWct4k5jJ316zIc83Lpj8
0567 | Wq46tqjduedE g06g6yfXgSfFmiSKt1bi5Qa9GYf
0568 | fiH1siERWM9EGEsBMpXf5FMh hKspjv3eo5ndLBP
0569 | yzpvkuVFteiwEY6DISrH5AMF9L9bg SvC75nwF31
0570 | lOfjzVwxq3EPf2Pr0aZG8AlcSCY3aOZzLQ YgiiD
0571 | kFhwXkoIlJrHD2HwMLcrcVqMhxXS6vb1Wm876kOL
0572 | 6a6sO6wE9LDpiI1bsN5SusM2hWVgPsJYs3icfGIM
0573 | bnv9JSb DKhjnPTTp5pTLaZI85XLtWIrKU0LBORw
0574 | jMIaeduCoVx4fuBfoPeLIinbrEzMO1ssWF5u3arl
0575 | U4ksacfStTv7zgHtr86y0JxkkCpWnjYQslofO6iy
0576 | cb0My5RLBgsjiitzIW5wplzMD anhwcn0KFtXZaj
0577 | AQdKOnMEEMaOlKvgj1xTrFGx9tTKN4orXT9io8PD
0578 | 5HeusU0BXhsVmM55Q9AAAdlD4AhXkfSuIzeTdieh
0579 | EI6bNEAvimEHKeiZGrGA5fsjtbbVCv5JH5jpRnqv
0580 | PFxMhE8SgPmRAJ3vnGcgr2ZYkAsB232xYE tv85E
0581 | 0QtVM9qBsAkZKS0bziaAiJuHvgZdAhCAFLoubBWq
0582 | 32eKs2P4lXsFI16STa59TD3x2sPCmOHfCQ7 jpCU
0583 | jdJStTyzTamNQ1XYAaeiYjZ04TGFqyp8ImVACKbX
0584 | k9IzTORy1Op543Lb 5rTd2jNWfJndP4aguyDXHRS
0585 | d3nHGOTcqerrez4vR0mNgGntuFmNa6Gurg0Cqf6c
0586 | 3XPzMROmSBgGy9GAfJ0ywUGPke2T2u9nlwHLABjx
0587 | wppPWGryPf5SvcQHqAIMnZWaXvj0lVBJOqexUdu3
0588 | xsgpYDl5HJD31OWo217XD57h3FiiUP6mXdBfe0Tr
0589 | mQE38vP1RCDV0X46QKDxSBWzCsMTx1mXbMxkZriQ
0590 | QwXN8l0KVpNabREpdhFOh5uUgeS5AbczJTQ15L25
0591 | muFSw4LgJDfpp4FAN1Qpj3f FiPAjGtHq44 FiaZ
0592 | RUPbydtVXuLJvnj3zPT3Rmo415yS0ma5dcdZLeBh
0593 | a71HcH9oSrv3LlRNo6SNAfWyHOGZiiOGv VtCRqC
0594 | avTe0 cvInXp2B6MMsiJ ViAo UwbTzEE2GE2hHZ
0595 | n6BHPwfP3Xk6kkABGRaSmOfyZkIOQS8asKYJguNE
0596 | juMFsIlJ8Ht657sWg7yEKK8i822wfHfh9Hc3wcTl
0597 | qSl7J4wDdobimhUjNeF0crK9zOv k1znhJy3a7Ob
0598 | iqkySiSKwDXO Ru3RYWt78xzWFdx4Xwt7nuexBIH
0599 | Zw3mVqmsUo7wIBkAFBystj2ZDHaFMpWOWMn0pp9B
0600 | LvHwWXud clqDUaCr5VVJRC5Ei9tO6Q9aJbAv gc
0601 | iRa blJtv3iDqRQooE2VlYTgiPKr2zlDqI0xlQgd
0602 | womTws8qV9YZNKueP6vwVnCbWil1AmBy ifuD8TW
0603 | VVqgVbqh9PyaNdJf0pXoMveU7tcuMLiZ5SAoY77n
0604 | X0HJ8tv6POdxZzx2jlTgqDWBDMeTsbrq4GSOp3x5
0605 | fcPj9EhOuzRhQDh48Y5nkhARfdFoMjLpJeunDXhb
0606 | iGCaOvLMTxmqua aWxYpFM3UtvdLFCyoXrMTmzRQ
0607 | seSjXIgepIikdVgpxgtjgHIwobImU3QGTOo0oJQf
0608 | 7EpxaVLtEEcbiqTX85CBqxYYQ0ulCHfgXVNYtqwM
0609 | iyvZLCFoCRhVFAiAKziz06BnbwngI1Es kiR6Vsx
0610 | esyyFmnsQeCXRkQxsoL Un6qbptHJL46nIXobIEM
0611 | Ozo1WKl7XS7hOEduoe5dURKfCijEGbHCK zd0vCM
0612 | XTP0ErMNdk2ghr1X wUIHg78BFNR8Szp mfL9xwZ
0613 | UVgLMn5Ff0n1SO3dH7RhnZFAFlRkyYRAh0eMHqc1
0614 | tLdEkwsGuoR4ZoLKVhErUMj5W4gYeLUu3eU97qFA
0615 | l6Z SzcRyKqqZTIufyWLaWDzPv8cKRt3KDN5c M2
0616 | SDO4u76AGem8D6CEiEosa5tOOU7fM30oYz5lot4f
0617 | IOtqs92rQQjrYVaLBw4fQGP9ArMKgFmHS4Du0i0
0618 | RNGZye4XbmyMlK c8pyyK7AkkvoyJfeZXmQ0XXtr
0619 | NjaAlUrmYQHopnx7Uy4qcBYZlpJyNiubqv0Kv91N
0620 | 6Y M3612pA43Auug2zcCYGaWYviGC6 UMzx8BLMq
0621 | bSC1O22Bd1N5f8nGY76CvEwBuPeTAbgEsJTlrn8M
0622 | OBGb96u5OXzSXovcZVqlJe0HkuCscid22H2 Akx0
0623 | GXNVpOKVzJdyuwb0bfWBKLfYOas62j2SCHVdnuj7
0624 | VntrNqGLVToHQjoBAE14CnhCrwDAQ4y7CtcM55MZ
0625 | qFWxrsprFvL1CCp0bVpyADb2b2AwtCmftDnWdLXO
0626 | c1UYxwFpsqp9YPAp852iz9N5Qa8qb UeUZKVwAeR
0627 | LJU0 fg3FVC6zeUDAfOOGQrDKzPXy3Saxiz9KbOe
0628 | TSRalSF51t0QNA5ede3Hxtt2nLfCUvqstilMrb43
0629 | kTXEowf5QVzt2Ftm95eQawxq7AuZw76WwkhIu3Yd
0630 | Kt3Yek 9uY09gDVlH7gnH8f4WU 8eqyqS9k5gMxD
0631 | 0910UgdtDmffTfpuOw17ucdtaBfS4M3zMtWuz0BV
0632 | t tXUlLi72LvdtfMUgAgRyORfdV0SHiPiUziZ6jf
0633 | ZwOkX0JyjHNFYSUaJiYN7NFVICSjb8P5qvFiYJ7j
0634 | wslTcQG6OSjNGbxsbX0qAwsECYRMvTb2N9KuyRmf
0635 | yNwYnJH6B3vR5M0ey8Ai61bfgTmy6ELPC3VMnbuV
0636 | U1GYWTJ7JtLVqYU8oBJL38zndJThTFYqGGZHW0uR
0637 | j4xPPP2k5T4VgnpnBGvHs7A5OFMzuIEqruKvewm7
0638 | uvXuN6SEHCr8eO9y36AuhVhMFqoMwuWXB3MBLoT5
0639 | d8wFl0ymcVuDOkrhrIUtPkyIJGqPdfNFcam5Ie12
0640 | BpYHzVgvqAapjyMB16ZzSFdum61sKgRSZvCNRYwc
0641 | 9379T1OPJ2QC3Ifjlq7xEGsyCM000fXJJgFCxeKR
0642 | sXMkmg5NlVVGOPDBBxu4EwtMOSOt9BDFvzJ7T0qM
0643 | 4E7RshnLD Pg7OD2WMqPZPREk7DFzgvOUEfH3xnP
0644 | j2H8wbWVX0EL0wFPzj4H5NhmknUXOBsDpY CTq9Q
0645 | EYZpsJSK Gn7xWcDmZgevQPcgV7CXqcISlHtg4jV
0646 | xZoIXKCQwmA xQwHzECiHrfnYZVMelM5tFtMB16t
0647 | STAW37q8mW9QP5QowN1JjZG9v7QoTZ7SYiFWy7gZ
0648 | Q8YkqPukx6KXIYjuMt9VCqNxxnxZr6ggWH15vn6l
0649 | 8Rjm0OgLC7BsgXrFfyibePppqdglknymG3ys5cK
0650 | PEgIWxUxEPReA8FcI1ydsFZoo0k1PYqBsLfcTRoQ
0651 | y5YJ8TVOoiZ SLRhe2JgzIKDarhupLOzi38zakAU
0652 | VIGxra26oWxoFsQNfzC3uft5xnRvbkfcYf5pfuGN
0653 | SJanY2CFF1SmvF54ti5SafyIoNIupyqVC0C2Bdyo
0654 | u816YCO11ODoolKA0TuVF9 vXtrHct3BY1I y11k
0655 | dL14wK4YAhgE DtCsUADGXjyKsv7QVKMqRHvA1xL
0656 | L68TznizIcWBBCLDVmJ0joDlUVBQf7V hIAlXz8P
0657 | kmoRWdjM6pxXZ407x qo5zvivHyXLfFpTdX2qH0v
0658 | HXvg8NWGakwtjYu9z 9xYE27IOCzQcT7kpeE4f94
0659 | J867WPIDHE5GmYeYYJYkZDPysAoVIFDbecHtRjbQ
0660 | UPaTEs7erFi2e2qA3uUXwzQCrZoTdHWsI7la8FF4
0661 | RnHOAY2v9jiEqPvSNCgcgBM1EiMwKc1jTwpS9Caq
0662 | OmEvk5v8NxuhBnMBrkbXv6t2 85sZ0KjiLGIRlP8
0663 | 85To6BXE3qmtNvt4Gk9xEvzSt42O0MJWo6OOhD28
0664 | NTJaeSEEi3zR90hqjczLdVTq095Qjp7hCZy5q8uK
0665 | X3NGhMo9M rYkKO08OuAARXYfw2bkB5UDXzaTjJK
0666 | SOB1z2OsCE1SuPd6lpzFjSdB7ZqJNtoKLr1UQ2XR
0667 | kDRvm00gnbErp4Qd AglsDpNHmZjpvuedpigbSxw
0668 | HFY8q dj4ZQ7yeLjZ1ioYcEGK1ZU34wUTt869M3g
0669 | R2tFh6Bo8Nirp0BUi1Q2P4Toi3aBecjtJyYQAC3t
0670 | RRA5FULgerVU1ULEGFgLcY4PypGzGSUfZwAL NPy
0671 | VHkEHa7TjaOIQ7sjmnAbGTSbHdzB3VK xOvrIz4
0672 | qEJ7xGAx2vEgAwcQYZnt6fdNBLjTiH8AVnWSEpQg
0673 | FJgX0grEj1jPixZvbdvLb TPKIn1zCGEtgnmXrHW
0674 | dbfojt7 E9rBJ8A AyGFmgMxjjXNdkpi4sxUC18l
0675 | exJcq61k23aezcIhlKEIWEMKymfiyuIZ2tjjYqIp
0676 | IyTpDDsc7025bjQNZ5XMpKafq6X3JU0ZYMU1xPL3
0677 | TzIWs9nefVGg21Nt7vfSjOCKatcwaUXY4CsZCnbg
0678 | Yw5rD7ju9LXCqo27qMK6Ha7pgoV slN8e0bkVCoe
0679 | OcE7pRcbHzuzfuyysdB7zL3xOKGrpeaOzg 6CDVC
0680 | 7WnEKtmm cHg3BKV0 rb6qs7ZvLCooPtJzSv7o E
0681 | QZTw53VtRKlN9nyhUE0o nJtA5rFT6mVJvH29pN2
0682 | PyCfS 8rmhW5y7BxJg2ZDh3hibRLM6xqtnLRCgs9
0683 | Owa3LoPD0gIy8KjuM1db6yddf8ZQVfueeKmqpWNG
0684 | ifocUGPm1PxKdQ75Z1Em6eqqhQ7DNNz4wtAMhe I
0685 | 3bnfTzsEdN9oblqhNMAl5Me1BapoKeKolvXH3OzC
0686 | gxLDq1J1kllMVqRr8YVBSIF23eXocqMGuFfvSLPR
0687 | W5SkEEMkwgjSqyokz38ybjusHaNvNJEWT9Ym091t
0688 | vJOjTqfeQ 8CnHjw8DBgwJUknYIw8c7SKkpOiD80
0689 | kg3RGmkBT9WsvlDaM1IiD0eQkMB3NujUuuRb83ch
0690 | tHqiBkRaA ipcUHa4QR3OmCYK9Wi8bM2SnA4AyJT
0691 | tp2qrp7yBqDbIsUIgTfzi70kaigwubMYM9AUWh0S
0692 | xRRiXIdFI9OOo6U81t kv2mwWf5WZuR0DSIlcfCH
0693 | boq8YHYaVD0BY1t4l n8uRsULluXJBCL9fQX YoS
0694 | VD9BpWRfyI918J5cV3P8lWmSLxaGrBViFKGMoR6r
0695 | 4UVUKVE31hg5uydX1nQV3Q3jxO72GGgWqoKypS4a
0696 | aoLM917PsrD4P2tg8CK0UiO6roW0 gy7UpK5nMuN
0697 | SJdZSKBFtFoQuPYeEtZ QE8n PgRD8f6OmPOaFnK
0698 | jmSua4zLv8uWToW86RymCtQuhNjLdiiqEsXucpwx
0699 | R c9czDeAt7XJYYhkIpPfNEUX1uBz5kj9OPNwsAR
0700 | paqxZvuhzSBFEHYtXoiz KLqZcGRZzxPZi84JlRj
0701 | JxvbgWcO5bT8QkdKntcBDkhleORVZLO0Uj5XMh1o
0702 | Ek5cdJ3GPCrCdsJEI4X46dmkP0Vbe AKdsAAFuUr
0703 | z1ARbA0qjN5 lDCDpF5qBZSruDWdBiMFC6IjGYiY
0704 | jzTSVqBamFO7cyTIamR8ztD20OjKmhkVqJw9Qr0X
0705 | fM9JqbB6haGTz2gkEOTd0doAIxBxSOsfd9f6JaQd
0706 | gIwTadvsDR6oRlf k4D4XDOQP2voLu2 VqVvyQMU
0707 | QkrzhXns7X1f4lCXMoBAVUWRCHU4WaHvWYCLcwsT
0708 | GerMGnZvzrcwquJKBlxpjBLghRdSxReHzAGI uok
0709 | p0zFnZCRPR1aV3j2qv8F6a1s0ZG3EX2TieVr9qTr
0710 | takpCgT5Q 3fBCFHYvj0lC7A5GMLIDDsuqCserhM
0711 | TKRn 5R8BRu  Kp4Gbjr9ssMAXwh39zYii62d7D
0712 | PvpbtoxiiOspnBQY5T5eAOrC3A2YgNnSE1JEVcye
0713 | RsNGGxwu0f6k1Qli75GIBc60My6MVlFjRHs3ucen
0714 | QZI2CXVkU5nByBsX6VIi7SXljDxbpa EJ0BfUzPo
0715 | nOv2V8SEvAmO21COWduvwKn7WnOZkv6C5tkqW9uv
0716 | 5GTSoKC5CcgA9H8wKO2zOoyX3xa8rQ4VBVnSNeRr
0717 | LwDRbPAkQqt0QrkrEbIudiTo8KbhTFfVjowId4I
0718 | cQ7xnC0mzbOCkWeuyMPxRK4wFJMxx4uORyJNBsw4
0719 | 04JN7Ri14j674WOFWeOgeNls5ESudmXPDyNqmGWi
0720 | 7lTRpTfk 3sUkmWoOYbplTZ4w0kEtJSrZMpi5ojt
0721 | aIL8Xmt89qFxenWNR4AAlpZhhbkfRmfofLtcM7dI
0722 | HexzZjhKQ2cjQmyJZnBjV3NE 9SReEaPR4fhFWsu
0723 | 2hTXb3p8qxbFqGWv0FvSw2Co0Vny0P8FeP1UWt3V
0724 | 998VKxWdzDaLr528zM2iWnDbgQGabF5rdApnnbVv
0725 | HErRRINPpvU0Fi1uIRRIvrt2nW48X85GkVAI5IEy
0726 | JNjpbqoqwtAYGU7qyEfcoCvkBzhwtGgWpfBISSS4
0727 | eHht523eGkVbuvNxwqUFpFq1X1oC Ym3QNt 1wzA
0728 | a 1f8OiFjnGYDqhg28C2nYoxXdK0NbXmbTKz5wIe
0729 | zRq4WbrHpr28ZcRkEJSK3hZLwrVAuifUR1RwBDka
0730 | aA643Te mtKXRulthznokrUMTRRcfaJ7hSrPC7Up
0731 | 13X7trS1kSO4pSWX34mnkHDwzE hn5AurCSgfGiT
0732 | 0288QGLeTaTh hszqSfgKFdKwtUt5nUWGIPvSp
0733 | Q9J0TCdJ3Nvk6jVTIb9VzKKMPzbIwTm 0OwdtVQi
0734 | gT0l D0V1bcpGdNVASWV7ocYYSJ4GrrjRBTI26lz
0735 | dDs2ZyBAyQfLkg rEw2Ymvijl9z on1y7qk68oa5
0736 | V DWqVUofGjjDUxhSmVK9dY03z6z6mFo iHwzWWo
0737 | iX1nQlVncZTZUTdIKin6cUamoVRNHZnrzWfwEI6q
0738 | ngGSNVRh7Jyb9Ns1wt0jxPHoNjsuSNCO LGwmTi
0739 | nYcMMM5QGnnRbkLxKQ8YXQTiaB3UHOWzC FD20KH
0740 | pJwM4aHljDkgwVpQsK oMM5smJuUABPxedEbj1aj
0741 | YDmQnUkUPDT0kTrFqn9AyYKcaIBTTVn2jt6CW3Nm
0742 | Dww7f YXMbmgA5WPx7grVZTA80qFn8oBIdW4Si7b
0743 | uB5fmI4UBL6IoCpqcZGMFyVdpGJLQrY7k6s3wHLl
0744 | hZRyZFeGcutNyasYnzBCUKP3Alhv oKQS9IzF6eJ
0745 | Oc0hGnniITPaZGta2kv1mGg3blswD8fxdVPfsJKl
0746 | zXx3vKQUL0KHfBPeaat7Lmk08JTX6xE5gAjLniWr
0747 | w8c22Ycd n2e6FGvjCIygR495XUTO5 L07BEfgId
0748 | OI4QiQOoQ16mlw3GFTiBjhrPLIRS Z13SNJzI8wv
0749 | fidnAGzrgRJaqYzcIeM5qYIoAur3bzLZU05c0RCv
0750 | BJRO5vPEi9ejMbNC2O5l1QNszyfLvcy1ri9zDsS4
0751 | u5iXRiY8fVyWIBWtGr73LNXAOhxjFERcdw67mTjj
0752 | lmj0ycGUGNL3Cg8dWawUomfTGxAu8NsjjTSafj3r
0753 | qUTXrRYrb46EoRYm1D0LIRtVgh6jfF724GFP8YJj
0754 | t9vDWVBnuFCr7vinSF7jV ZjtViuueDHJlbcpvoU
0755 | l8k BDxxciIFuRFePdDnRZTywlxViiPc1S7q8nOh
0756 | Yf6wL2ytSt6nLMEZRwoprKCN1DfVVXtsLFUIwIAe
0757 | HF0Dz7 YixLFqC9ni4Kc5nkl2uJ6Bsnht7U4nyDC
0758 | TFabzz Wza8xTk 1h8XOiK62F2HEXWiqXLmasXO
0759 | BkV4z8crwolp5mvZr3JhGt2Bg8lbyoJfVbJToxNH
0760 | fzvww INx6kNFV6n1mRvFEDGExnXAnWfqLKnZI8P
0761 | YlX1mMaZ1h2ceogt8tlm9Fje Mf2HyYyZZ0Sb09P
0762 | Jf9EH6yMKDoC9KyclmltQdGyJ945NDPVw5BmWEah
0763 | vQg8QmYT1a8AvGR2RAd6GQD7F E05L075 zrFkmE
0764 | 0P3Wwy2qvCUyqKqBewNUrBpucOpWpFLaTQVMtoNu
0765 | bBZr2c8HxHmH6KlMpLtUc5Zbnn83fa3nZS0tcUiw
0766 | oHNBmsyrAR 8yBcn1iEZJDhLXSVrZdflEcYg3uy9
0767 | q3DNmmo0Aqnu2xSDL1bYvVOlbVbzHvVdf1SQhkl3
0768 | zfnglDwOGsQS85pzFa5F9EecYzOhbAccCmHOBUGm
0769 | aq1wn6urQ23NEGMl2IZpPy p7AUuN07 3IP4 Lb
0770 | 9cNxaSvANdUk0O4MLNyn8Zkp1zqapBOhwY1YRnkh
0771 | 2Nwf9ubie7ic 16h5s3Xco85vHSnGBZL3KHVrTOu
0772 | Hg2HE2lGi61K2gv2xDAHHTvvcdGKT1N1qFyQvZWG
0773 | rU31UGiqzsouB1LwXLY6xuG2FSPCWsWCFFx3x3hn
0774 | C1UZpLMbdruw9ItRA461gAmJXPEjwn46WBqUbsX5
0775 | EQzmdrxhNrF6ZdrwJXwNv06Y8AJ9nx9PS2AGJXw
0776 | a UfFVdmDxuDujNKKoJ3XM82QAG839IObfxXILfx
0777 | mczdMlQonJpLlaQoJCkP7JMHr7GVzCzVr1iaoGfs
0778 | UzsrTArbDJWWVLBpLPGRIB1rJtHPt7yM9JSpZuBt
0779 | jMajxYV17Yq8yA G8h liXjPO9OqJi4onEJr9QeG
0780 | Es3GuFdquKR5uWPPPXxYFJa3v1iyVPqqLnAoDxg8
0781 | w3Yldj9GBCgxduNf9v7bvxgo3IdfqlllJ2DASm1Q
0782 | RdrnIac9YMeZcwhfqC0X5KWwLviblMB8Yn4Fmt2N
0783 | E4ThceLj4izLsYmCrC8jrfhrYlAw1lmfAwGAjCuj
0784 | CidpNDdCta4wV1RBEAaDeelRfy2LZ9wYKoRoNxHU
0785 | S92ADdBsjgHcryqVXNRUKiceW5utFXgMlywp9mpt
0786 | SxtD2aZ4hWqCCOjXa8qdZvSNIQY25NJDC0HxgxCc
0787 | MFU8WpWedvwZfxWlTeL xObLZTcwTN6209vm0DP1
0788 | 2aqlaHOAPTCKZzV90PXZeJG2UbM7n0LerKZeDdm
0789 | iRQHv1QRDZ1XfQDRF3gJAPU5tbEmuLyYR ZjwZ19
0790 | xp606PYUXMwdwAV3TADwhihTqC9FMx 6Q7PtHxML
0791 | VljcfmR4AKjZhfAKlxQneWEnuyiYTEouuAkiQW8p
0792 | FhJz1LsxCJkiKfOGv6XJrT1xVOt8RFE1esehstuw
0793 | FReuw1i9jMGUlL1CwA3qmgH4X9YHuzVo6OrYdTaj
0794 | EVDNv1j6a1YF3MM7Onj1NpC8ntFNguF1sxdf9z13
0795 | kl0vuAk580vpySkPJa0fCPoy55Y60qRTddX6H dK
0796 | WgliqWfl5kNEzycMBPfU5qmQBwYiv7Ye5R3IBMQT
0797 | IJSlYLkZ2OgrJ5rhgafZ8RyKlh1zj50ZbC4jNFtt
0798 | MF8ywseID7Lpy3uMgA8RK 8mjhP4gdtigz3W3olp
0799 | Tah336y7EfpXaip0VppAYZDbWNUPNPLHO5AyDdH3
0800 | 2EicOlsRb0S3xeRZVTF5rD9vlv3BZ Lnl BTVSKu
0801 | lIgIYGmymQk0IAb3Ucl3w5WoGLKefAKlfmpSTvZ9
0802 | aEaJ54JPMXzXCFSAWo6Z5wMZIUrk4Kvm1lcuesK
0803 | nRgV6gLFvQ9YBzwM7vbeo35iqAS1XD8cS30kNIif
0804 | dXHNTVw2QU1uiZekV7AVFZet0m gbHz9dBWXKq0b
0805 | ZHGbSs7TQ5iFtSbfcG9dNDCXmVrME5aP8rOPqTti
0806 | cw2YsyeNghvvUJiTV Rio8A2RifxXSYLV7IT5ZED
0807 | BxeFDeXMf9oCOkrEcwKuUzG0OX0ohIRF9PXTcNYv
0808 | EuumJWHuPTc40LWKCQtbzG14a9U8ewCPlRvQvvnu
0809 | rVcV5SQCSFH9L3O4i9g6UCiP6bVtVehkzRxER4r7
0810 | bRtAEGqr8hsZ8dqIDhahDXojDcrsXbptxAH 3PqZ
0811 | QVOdYo9YBLU6Kq1kDrHg6mfA9ppZ6RZgXkxfZdpp
0812 | VrTj3YDbZ8RnifOjhZqOh04ObagUOmXwieQqOA6P
0813 | 7VxmqiWh0gRQNTtUASH1unW t9ziOxHqMZP8lmmI
0814 | L0GR7UN3kGv6FcFPfR4ZYwXZ5wrSFEr5JqKcAYda
0815 | J36yIhUCYYFLXZJ42PxKib1bjwZwmBfBK 1ZiNpb
0816 | JziQ4gEmRWnxOoQRKpNGH77CKj6AXF5JTvYMVwN1
0817 | U3kTTF3Q2YBgo16rbn8yPiyD5rbP9r6vxfIofhba
0818 | i2iTkEOQvwX697B6AErmnSnVZ CUiB8MWKf8haxE
0819 | VemNp G8JX96v3e4EhblJJeCbZ dN1D14giEm77U
0820 | Gd9kRQ M0RHzTadjbPE27hKVrlLOuAcoeuNXNT7h
0821 | wXbka6HdBaM7Da8UhnbBNAOGXuRv LKgvs0B4yNQ
0822 | ilBvIhWit8oIWuc8qzg3qms224gX6T3C9B4J3AG0
0823 | 647HCN8fyZBO9sfCoKH4nDekK3gUwQGj49 BaBsE
0824 | LyeGCyK 44id9W8Q7k88Whw4  jpbXCFKXhoSlWx
0825 | aHTa25ZnPc8b4qZ9ZzPhGB6q4L22YZbFccF7grp2
0826 | bdrLTP 4ryBPO1yFSB354SY0UqxFBGsHFekF3NpT
0827 | MFknqKfkmn20H05hJbDZn9PaT7qXA6Ew0qUDRysA
0828 | LofgRUxPEXQCZ6ZTy2EyJhFUvOKt36ewsNGHLF D
0829 | srkBRIRAMLHXoHXrdYiA8mck2qdfR ZpZ4gh2qbw
0830 | FuGuisjyvrzCpC8neCKIOC6Pu985B3Pm0SKSUBpD
0831 | Hi7ychMKgZUi26tDSkmYRHiHwh8CBJ03dZaP61ZM
0832 | dXN1U20l8CgiWYOKN4Uy0ZTAlcyAnXL wGsUyuQf
0833 | roOt7LHrQ4d3Hl7dra8LUpldK7JXbqa6mbNDgJou
0834 | R7i2DOEwqzBBDouJgDg5zg4pnWUiqDdiedOnq1OJ
0835 | BD1HM3F4ZDn3J0LMcChLjBLJXtQfslXf7ll0S1Tu
0836 | farpy3ysnkXYAfjR9SNDj58zFuDcN456uEd5lVna
0837 | L4Pn9vUA863rxAEItDbsYOnSZwXVA2rZeszmhtm9
0838 | VZGgT yQwZwKuzc665onUjJyrqiak9ifqw5N0mOo
0839 | ycejBnl1ceXjLibXwVt9ljMxf Q6J4JbYQQZmdIH
0840 | n sFCNd9Ftz9xtJBRa8NnzkQwTHvlXAJXxJ1n5iC
0841 | ZENt0AITSDdQDmQpO39Agw7sTyI92yFIVVR87Mk9
0842 | M 4VQYO5wGASAfQr19oP2IIhKmDKYOXm8LXNMYfQ
0843 | j6bygWlajKwn6p0ORQsaIfElhLAl0lvb1pPCOzKR
0844 | aagK V7xv8nV71Hqn25ExerFBhDN4RCii851dNPU
0845 | G2ITrSOlmhPaxLSlRIiUwSywPckngDvsH5n4FbVf
0846 | CgY D0HU8auuF3VBoakMsEY7n1rQwmMrePbuuHFk
0847 | s6CoFpCFUJT OyP0vGuTaFkkO9pTIJhR5iwfj0qA
0848 | myb3LwlcteDSr7YTDQrwZBBGzmPk8X0CPbNIfp9G
0849 | K5gV1ZvzYzB4KvqzbEJXCte42DYijmaSwoC3BPul
0850 | jMwLRHHJXwFlCkM7nTS4Nk4bZpFPmMHWssiCKoTy
0851 | QipeUACk9Dv9ootayj1zmrdq3fzm3 l3nk2Jlnwc
0852 | rwYh5PtrsjeDqKsJEsWfITlNsogxkh9zVOkpylLF
0853 | BpTuPNHFWJhpaDYq9PYnr3lRovD3kumeTfp94pEO
0854 | 0ykmcZeqAAULhbYLAV5M3j2e5LScvA1qfKg4ui f
0855 | c5Vl9k6NA 28OhkI3qSIicDyxMO8Fqcdef0iyOoE
0856 | p15e9KkS1USLCuDB44SMkovFKPLH0yBDTgxnrQga
0857 | r1J9vYU3HWNM8AaMntD5bE1YffsyPx0rgbX1vsF9
0858 | MozpjrpWW7uZTAQwWCo3pZYw5jekuZIsCLOfEukj
0859 | EV5NJV ukXzq37JddoGqBdqfJfijJu4nRvSm72xp
0860 | kreiBkrGizpqzeLHljlywM0PRcg8ef3y m0YoFxr
0861 | HsAYBPQN5fDIdj5bpATTA7XC1v8xwsMdp8gu2pwU
0862 | g4iNKxodMVmpP3mQ9tPtVbbxbiYaBTu VsZEj64A
0863 | r9UqiR0KpkrBuEkkcoY8FmDhxlq J4L4T8sM7yTN
0864 | eSKtZPsspupKbextj31HFxq4XFDERWhRx7VMVAjO
0865 | vciFbYteES0Fr1cpAnsVLiRf3wulvOTSPmhJzRF5
0866 | 8QA3GGvUgu0QfAJKscp6ppOv3tRh5nKAli56GxMe
0867 | i7OBJ14JV3KIHJ0N UfAovFdSy3 lvJepo7irKTa
0868 | EmgMJFADQbHQoyAjmAvDOwCyUkMteY30SnUDbVtG
0869 | StRxVuRovAhGVap9a11QTuPAiev583Sf6FeELZny
0870 | yoP7tlepA1KramRMTQL bowvRPgmSUhR8uCgNcYX
0871 | pxFICeSWur1sIewYLFF455ehKBAKpTzwAvG 8SYy
0872 | 0PPSJZ48JJqXl1ZUuEYzyToI1vvW85SKfxvzBl7J
0873 | PUW8VVyahXfObyJuocHH Bai446SII7jVKA1Bnkb
0874 | OoWF xAaOKRvPuY01LEcqZmpyTa7 rAIHVpPVGFH
0875 | dknf8YA3irFGdcudafshtXWab5Q86CG7qBVotFpz
0876 | KZOcMggH7xeng8whPOPSwef4PmwsVKkKdlJNULTo
0877 | WpICAD1cN01G7404X0bnM9IHsQPbgmpRJmNRCayy
0878 | G3DvtfuoZgZGdBC1FL XZJMW3dj9 uBcFVlQaAxE
0879 | ELOqLPluVDlzKA7RfUtCWwT9sZZH9uTP7KdhG7Vg
0880 | hUEpo2eCsA OdA2 aMmU 2oBSlEGApNV4xR1WKpN
0881 | 3iWCvt3vDH8imIZmkqQ3jfgHQWTR5x68pAY8 NbR
0882 | v DVVRAg lhMlKrWSl8oGR2W1lpK2fFrxeHkHH6p
0883 | qa4vom5FBmQ2a9KV7wg0FSPfjUxHkI5tsNsyRH3H
0884 | nK1IlLPsD3nnyp1scDU8jWon4tdZr3FJNB qPo c
0885 | 7d7gzWB 9HwueVHuM67j4wWgatAcUWVUXlyaAbgq
0886 | Pm0N5T4itebyEIuD61jev35r4WKvU1aee6RVMxkP
0887 | bv6bACpv6PWFfCVwUeJYIkVKjZl84eXlG2Qi12Ih
0888 | ZABvcudU iVLoLpp8VxUkpzj9JFrc5790EyqLLjU
0889 | VUbobzqgJP0Lcub9VrQ1PvbtJ5DkddpqKogeh71a
0890 | mqyQFr7yQEnsrxxaiyTW1YqjJImGnOw2XQKrtKWh
0891 | byWu9xRBJ76nUAzGCj0IppyqM3GVnnN9pxU3zGHv
0892 | lY03s2fpZETCuTm2CDrLMKAHLwX9vECMf6PWpvm4
0893 | I1K6GUsgQ8tNrnDSkgRPFPYQA6LyFlztecHu 5A6
0894 | gjuEk0IjW0kEJOHxOq8KNzOsTv X3mSdYn4mHxzF
0895 | FhV0qS1rtaVrXxcp2hTtWC EKHkUF4VtCmq SKUj
0896 | 2h15EmzN3 C7G00S78pQ550u9UjOLYRFhuTaOD6S
0897 | q8jxXch4zzFwE B 3KSRgBUuzYs CJMbsGNETDi2
0898 | 1BjvpeO KutA3hA0yD4jPQBbRgSScZyeqS2DfiXQ
0899 | ZSyB9saoOrNPRzJnok8U5DPx4p8cuohxY2V5Jsux
0900 | ztbaUP9a8j7czFYshm6K08IBk6JL3pBcOvvxEVLV
0901 | Rw2m3pve9CmWp2Hbe AkmqWyRejS5WpZiQq3CUG9
0902 | aqRkTeJrWJ3PpW7IW2TUhizgVLaa1uIL2uP chbn
0903 | Sb IUR4v9SvOTPZLclgoezAtbiOk8sBCAqFjRTJ2
0904 | yjCYNZXq4TL1y2jpe1Ux9wT2VyE2Ggb9N1t6JVsg
0905 | rcy3SJuYiioDjrT95yflgn2w0XEuzFauFKt8GxN6
0906 | 0QDHJ6hkByxmx5AiCRiAoYDoqHMMVvv 0ZXc5XZ1
0907 | 4b2FQbis2bVPJqowng3ORNbn7UhH0V81O3AEUDOi
0908 | d6f2sIGpDJyXOCSXVOl66iuL7iqwWEWCpCvkgYHv
0909 | f6rt oxHKyWE03lXVYruRRLJxFLCD3K70QlviOj9
0910 | tz1SSD7z OHXGVGBTVeoKMsO9KSeSvBoN8dMDFJi
0911 | QFXx0s873QJSINZYbIObbUlZQLyuuuvpKVcSCNX
0912 | aGaq7GEljk24s9R8ASisG17vCKjuln5m7u7DQQFn
0913 | 4XiYWHEdPaSLLqDENRlG8A7 LEqy39MFQDY4VCVk
0914 | WxAPp djVy 5xjwHT4Eua9VVPlRPsDy7AQ7lxqRX
0915 | mz6gKl8Byso2cuN0y nbPmj6XdQydG28Z1ds5gmP
0916 | W4m6TV NMwk63WLKIBDdwGKWD R5yW6uSlZEdipW
0917 | ZniGmZAjpV1swERU HkNxTwAfB wJjnx3RuEb Ba
0918 | QWI2l6Ywj1HFx4w5Os7zP1FzQuCjGga8 7TdI6Ez
0919 | t6wbQIOuaa4JQALYqFfnHWIAmyNyu6oZBUzo8K2j
0920 | 2R5kh6vlEn3FstukLa5aDVbE5JkewLC9zbHUthJB
0921 | s9oBmBHwCsVRvPwhhNH8qXLy5pJlEEEoOeorCx4e
0922 | 2N6V0DxLQ1nUZcX5uasUBxIruJKr6shP2giMp3d9
0923 | zoxX3x7t5KIJ jlSL5HJWuDPIXX D7pLDnOGpByb
0924 | FJFZ69XVRs PBiz74T9URbBol7zjGvyaNQUAhCuK
0925 | 087BrOITL1IQ9QtFSWRYwUvNiG27cCRbflcMCeig
0926 | ypCb6E77oJZWh9TkfDEa3RJ0HHcJRF9A6GhBmyvA
0927 | 6Dx6JCp5XsZuUO3EPwacuZVPUIbIuuCnEswDjHj7
0928 | bsxXU6tpzaQAQhvxyBorSBPcc0vs7IiNb3JQ6yMt
0929 | pBvR4Z75oPnnsikwW5gcToeWsOlrOXNSzpMWTqn5
0930 | SbS2T2IUFkttRxUdK7nFaL93985g4oNsLQIwgpqz
0931 | xojvAizFyWkV3wFUKtrcdJFXh4PfvF6cry7f0WC
0932 | 4u1qglq9QFNLXUs qP0YhnUDcLEBblImpyuk4ZQa
0933 | YrQtqWrYBhwruvfmZBjfH72weaQri8wiEazIOGr3
0934 | 6RBDjltRlME6UpzjpjzC5Bs3vFGhNsy9OCsR9sMm
0935 | eAv3j2T3zqZ8aRoO4Onlmz4SngCapcnQnmPYP3ga
0936 | zrZjAH22nHR5Oxmgr34JIfEqfuYbxAF1oxdz7z k
0937 | j2FOi68gX j8AO7Wv8hdse214FPyS3eJMOl8HAx9
0938 | nIWJZ6hc8DmH9frmbNL8bd1UyzcalPrrZ4CGHHko
0939 | DH47jXniCQ8ucsQQI74E3sOFztLCdDN0k9VnzLGE
0940 | w9OOr5IHwaUV9MdlBjNeowLFrngVQKqhfzfMm6nl
0941 | 1B YyRn Uiy0ohfdIjgefCLKt6pvgPKbe4a1VuWY
0942 | owY wxDBwqp7jl6HVEgzuAkK8xCBfscDFmiFQ61F
0943 | XWk tD5N56LSzT2g9t8fqThsYtwtAn56B6D1Sf4a
0944 | zLt7PIDZmah9fF3fbgOcghnnf7NOCbpuKw0qbJP1
0945 | 65sizd4BZjsh2mWk8S10p tsyBrVjo1O43hee5qd
0946 | G7LvNvjrRyj1FAuVo7VrXacuZgRn96goQOUXNVaF
0947 | LROHKRuVdJWoagQN8OE0pqo 01DBLcPFw0wpP1E2
0948 | d9Ynb5huzKCOUwJuX7cw6jeqTyFym3M4sAOfvqZT
0949 | 6O6yUG4MGHUPyYfh8ZDKL3j0kpfuEiaR0GvVBARS
0950 | 8qlXFSlmOoEq5g4TapcL4qxGeSsv9P i8Xo2O52K
WARNING: transient error detected while fetching artifacts
retrying...
retrying...
Operation failed after 3 retries
Process returned a non-zero code: 1
ERROR: job failed: please check logs for details
0958 | heartbeat ok
0959 | heartbeat ok
0960 | heartbeat ok
0961 | heartbeat ok
0962 | heartbeat ok
0963 | heartbeat ok
0964 | heartbeat ok
0965 | heartbeat ok
0966 | heartbeat ok
0967 | heartbeat ok
0968 | heartbeat ok
0969 | heartbeat ok
0970 | heartbeat ok
0971 | heartbeat ok
0972 | heartbeat ok
0973 | heartbeat ok
0974 | heartbeat ok
0975 | heartbeat ok
0976 | heartbeat ok
0977 | heartbeat ok
0978 | heartbeat ok
0979 | heartbeat ok
0980 | heartbeat ok
0981 | heartbeat ok
0982 | heartbeat ok
0983 | heartbeat ok
0984 | heartbeat ok
0985 | heartbeat ok
0986 | heartbeat ok
0987 | heartbeat ok
0988 | heartbeat ok
0989 | heartbeat ok
0990 | heartbeat ok
0991 | heartbeat ok
0992 | heartbeat ok
0993 | heartbeat ok
0994 | heartbeat ok
0995 | heartbeat ok
0996 | heartbeat ok
0997 | heartbeat ok
0998 | heartbeat ok
0999 | heartbeat ok