INFO: Starting build pipeline v2.1.0
DEBUG: Config loaded from environment
INFO: Connecting to repository...
INFO: Repository connected successfully
DEBUG: Fetching latest commit: a1b2c3d
INFO: Building artifact...
[WARN] Deprecated API usage detected in module `core`
[INFO] Applying patches...
[INFO] Patch 1/3 applied
[INFO] Patch 2/3 applied
[INFO] Patch 3/3 applied
INFO: Compiling source code (method: fast)
DEBUG: Compiler flags: -O2 -Wall
INFO: Linking libraries...
[INFO] Linking libcommon.so
[INFO] Linking libutils.so
[WARN] Linker warning: symbol `foo` is defined multiple times
INFO: Running pre-deployment checks...
Check 1: Database schema... OK
Check 2: API compatibility... OK
Check 3: File permissions... OK
Check 4: Network connectivity... OK
INFO: Deploying to staging environment...
DEBUG: SCP file to 192.168.1.100
upload: ./build/artifact -> /opt/app/artifact (100%)
INFO: Restarting service...
Warning: service restart took longer than expected (5.2s)
INFO: Verifying deployment...
Request GET /health (attempt 1/3)... 200 OK
Request GET /health (attempt 2/3)... 200 OK
Request GET /health (attempt 3/3)... 200 OK
INFO: Running integration tests...
Test 1: User login... PASS
Test 2: Create item... PASS
Test 3: Process transaction...
Operation failed.
Cleaning up workspace...
DEBUG: Removed temporary files
DEBUG: Closing connections
ERROR: Pipeline failed. See logs for details.
Build finished with exit code 1
